Archive member included to satisfy reference by file (symbol)

/home/user/.platformio/packages/framework-arduinoasrmicro650x/cores/asr650x/projects/CubeCellLib.a(AT_Command.o)
                              .pio/build/cubecell_board_plus/src/main.cpp.o (enableAt)
/home/user/.platformio/packages/framework-arduinoasrmicro650x/cores/asr650x/projects/CubeCellLib.a(UART_1.o)
                              /home/user/.platformio/packages/framework-arduinoasrmicro650x/cores/asr650x/projects/CubeCellLib.a(AT_Command.o) (UART_1_Start)
/home/user/.platformio/packages/framework-arduinoasrmicro650x/cores/asr650x/projects/CubeCellLib.a(ASR_Arduino.o)
                              /home/user/.platformio/packages/framework-arduinoasrmicro650x/cores/asr650x/projects/CubeCellLib.a(AT_Command.o) (getID)
/home/user/.platformio/packages/framework-arduinoasrmicro650x/cores/asr650x/projects/CubeCellLib.a(timeServer.o)
                              /home/user/.platformio/packages/framework-arduinoasrmicro650x/cores/asr650x/projects/CubeCellLib.a(AT_Command.o) (TimerInit)
/home/user/.platformio/packages/framework-arduinoasrmicro650x/cores/asr650x/projects/CubeCellLib.a(lorawan_port.o)
                              /home/user/.platformio/packages/framework-arduinoasrmicro650x/cores/asr650x/projects/CubeCellLib.a(timeServer.o) (aos_lrwan_time_itf)
/home/user/.platformio/packages/framework-arduinoasrmicro650x/cores/asr650x/projects/CubeCellLib.a(asr_timer.o)
                              /home/user/.platformio/packages/framework-arduinoasrmicro650x/cores/asr650x/projects/CubeCellLib.a(lorawan_port.o) (Asr_Timer_RegisterAlarmCallback)
/home/user/.platformio/packages/framework-arduinoasrmicro650x/cores/asr650x/projects/CubeCellLib.a(cyfitter_cfg.o)
                              /home/user/.platformio/packages/framework-arduinoasrmicro650x/cores/asr650x/projects/CubeCellLib.a(ASR_Arduino.o) (systime)
.pio/build/cubecell_board_plus/libef2/libCayenneLPP.a(CayenneLPP.cpp.o)
                              .pio/build/cubecell_board_plus/src/main.cpp.o (CayenneLPP::CayenneLPP(unsigned char))
.pio/build/cubecell_board_plus/libf50/libLoRa.a(LoRaWan_APP.cpp.o)
                              .pio/build/cubecell_board_plus/src/main.cpp.o (getBatteryVoltage)
.pio/build/cubecell_board_plus/libf50/libLoRa.a(LoRa_APP.cpp.o)
                              /home/user/.platformio/packages/framework-arduinoasrmicro650x/cores/asr650x/projects/CubeCellLib.a(AT_Command.o) (LoraRxTimeout)
.pio/build/cubecell_board_plus/libFrameworkArduino.a(HardwareSerial.cpp.o)
                              .pio/build/cubecell_board_plus/src/main.cpp.o (HardwareSerial::begin(unsigned long, unsigned long, signed char, bool, unsigned long))
.pio/build/cubecell_board_plus/libFrameworkArduino.a(Wire.cpp.o)
                              .pio/build/cubecell_board_plus/libf50/libLoRa.a(LoRaWan_APP.cpp.o) (TwoWire::write(unsigned char))
.pio/build/cubecell_board_plus/libFrameworkArduino.a(asr_board.c.o)
                              /home/user/.platformio/packages/framework-arduinoasrmicro650x/cores/asr650x/projects/CubeCellLib.a(lorawan_port.o) (HW_Get_MFT_ID)
.pio/build/cubecell_board_plus/libFrameworkArduino.a(gpio.c.o)
                              .pio/build/cubecell_board_plus/libFrameworkArduino.a(asr_board.c.o) (GpioInit)
.pio/build/cubecell_board_plus/libFrameworkArduino.a(spi-board.c.o)
                              .pio/build/cubecell_board_plus/libFrameworkArduino.a(asr_board.c.o) (SpiInit)
.pio/build/cubecell_board_plus/libFrameworkArduino.a(ADC_SAR_Seq.c.o)
                              /home/user/.platformio/packages/framework-arduinoasrmicro650x/cores/asr650x/projects/CubeCellLib.a(ASR_Arduino.o) (ADC_SAR_Seq_Start)
.pio/build/cubecell_board_plus/libFrameworkArduino.a(ADC_SAR_Seq_INT.c.o)
                              .pio/build/cubecell_board_plus/libFrameworkArduino.a(ADC_SAR_Seq.c.o) (ADC_SAR_Seq_ISR)
.pio/build/cubecell_board_plus/libFrameworkArduino.a(I2C_1_I2C_MASTER.c.o)
                              .pio/build/cubecell_board_plus/libFrameworkArduino.a(Wire.cpp.o) (I2C_1_I2CMasterSendStart)
.pio/build/cubecell_board_plus/libFrameworkArduino.a(I2C_I2C_MASTER.c.o)
                              .pio/build/cubecell_board_plus/libFrameworkArduino.a(Wire.cpp.o) (I2C_I2CMasterSendStart)
.pio/build/cubecell_board_plus/libFrameworkArduino.a(PWM1.c.o)
                              /home/user/.platformio/packages/framework-arduinoasrmicro650x/cores/asr650x/projects/CubeCellLib.a(ASR_Arduino.o) (PWM1_Stop)
.pio/build/cubecell_board_plus/libFrameworkArduino.a(PWM2.c.o)
                              /home/user/.platformio/packages/framework-arduinoasrmicro650x/cores/asr650x/projects/CubeCellLib.a(ASR_Arduino.o) (PWM2_Stop)
.pio/build/cubecell_board_plus/libFrameworkArduino.a(Print.cpp.o)
                              .pio/build/cubecell_board_plus/libf50/libLoRa.a(LoRaWan_APP.cpp.o) (Print::write(unsigned char const*, unsigned int))
[...]
Memory Configuration

Name             Origin             Length             Attributes
rom              0x0000000000000000 0x0000000000020000 xr
ram              0x0000000020000000 0x0000000000004000 xrw
*default*        0x0000000000000000 0xffffffffffffffff

Linker script and memory map

LOAD /home/user/.platformio/packages/toolchain-gccarmnoneeabi/bin/../lib/gcc/arm-none-eabi/9.2.1/thumb/v6-m/nofp/crti.o
LOAD /home/user/.platformio/packages/toolchain-gccarmnoneeabi/bin/../lib/gcc/arm-none-eabi/9.2.1/thumb/v6-m/nofp/crtbegin.o
LOAD /home/user/.platformio/packages/toolchain-gccarmnoneeabi/bin/../lib/gcc/arm-none-eabi/9.2.1/../../../../arm-none-eabi/lib/thumb/v6-m/nofp/crt0.o
LOAD .pio/build/cubecell_board_plus/src/main.cpp.o
START GROUP
LOAD /home/user/.platformio/packages/framework-arduinoasrmicro650x/cores/asr650x/projects/CubeCellLib.a
LOAD .pio/build/cubecell_board_plus/lib63c/libAdafruit Unified Sensor.a
LOAD .pio/build/cubecell_board_plus/libd6e/libDHT sensor library.a
LOAD .pio/build/cubecell_board_plus/lib093/libArduinoJson.a
LOAD .pio/build/cubecell_board_plus/libef2/libCayenneLPP.a
LOAD .pio/build/cubecell_board_plus/lib3eb/libTinyGPSPlus.a
LOAD .pio/build/cubecell_board_plus/lib869/libRGB.a
LOAD .pio/build/cubecell_board_plus/lib35b/libOLED.a
LOAD .pio/build/cubecell_board_plus/libf50/libLoRa.a
LOAD .pio/build/cubecell_board_plus/libFrameworkArduinoVariant.a
LOAD .pio/build/cubecell_board_plus/libFrameworkArduino.a
LOAD /home/user/.platformio/packages/toolchain-gccarmnoneeabi/bin/../lib/gcc/arm-none-eabi/9.2.1/../../../../arm-none-eabi/lib/thumb/v6-m/nofp/libstdc++_nano.a
END GROUP
LOAD /home/user/.platformio/packages/toolchain-gccarmnoneeabi/bin/../lib/gcc/arm-none-eabi/9.2.1/../../../../arm-none-eabi/lib/thumb/v6-m/nofp/libstdc++_nano.a
LOAD /home/user/.platformio/packages/toolchain-gccarmnoneeabi/bin/../lib/gcc/arm-none-eabi/9.2.1/../../../../arm-none-eabi/lib/thumb/v6-m/nofp/libm.a
START GROUP
LOAD /home/user/.platformio/packages/toolchain-gccarmnoneeabi/bin/../lib/gcc/arm-none-eabi/9.2.1/thumb/v6-m/nofp/libgcc.a
LOAD /home/user/.platformio/packages/toolchain-gccarmnoneeabi/bin/../lib/gcc/arm-none-eabi/9.2.1/../../../../arm-none-eabi/lib/thumb/v6-m/nofp/libc_nano.a
END GROUP
START GROUP
LOAD /home/user/.platformio/packages/toolchain-gccarmnoneeabi/bin/../lib/gcc/arm-none-eabi/9.2.1/thumb/v6-m/nofp/libgcc.a
LOAD /home/user/.platformio/packages/toolchain-gccarmnoneeabi/bin/../lib/gcc/arm-none-eabi/9.2.1/../../../../arm-none-eabi/lib/thumb/v6-m/nofp/libc_nano.a
END GROUP
LOAD /home/user/.platformio/packages/toolchain-gccarmnoneeabi/bin/../lib/gcc/arm-none-eabi/9.2.1/thumb/v6-m/nofp/crtend.o
LOAD /home/user/.platformio/packages/toolchain-gccarmnoneeabi/bin/../lib/gcc/arm-none-eabi/9.2.1/thumb/v6-m/nofp/crtn.o
START GROUP
LOAD /home/user/.platformio/packages/toolchain-gccarmnoneeabi/bin/../lib/gcc/arm-none-eabi/9.2.1/thumb/v6-m/nofp/libgcc.a
LOAD /home/user/.platformio/packages/toolchain-gccarmnoneeabi/bin/../lib/gcc/arm-none-eabi/9.2.1/../../../../arm-none-eabi/lib/thumb/v6-m/nofp/libc.a
LOAD /home/user/.platformio/packages/toolchain-gccarmnoneeabi/bin/../lib/gcc/arm-none-eabi/9.2.1/../../../../arm-none-eabi/lib/thumb/v6-m/nofp/libnosys.a
END GROUP
                0x0000000000000000                CY_APPL_ORIGIN = 0x0
                0x0000000000000100                CY_FLASH_ROW_SIZE = 0x100
                0x0000000000000001                CY_APPL_NUM = 0x1
                0x0000000000000001                CY_APPL_MAX = 0x1
                0x0000000000000040                CY_METADATA_SIZE = 0x40
                0x0000000000000001                CY_APPL_LOADABLE = 0x1
                0x0000000000000000                CY_CHECKSUM_EXCLUDE_SIZE = ALIGN (0x0, CY_FLASH_ROW_SIZE)
                0x0000000000000000                CY_APP_FOR_STACK_AND_COPIER = 0x0
                [!provide]                        PROVIDE (__cy_heap_start = _end)
                0x0000000000000001                PROVIDE (__cy_region_num = ((__cy_regions_end - __cy_regions) / 0x10))
                0x0000000020004000                PROVIDE (__cy_stack = (ORIGIN (ram) + LENGTH (ram)))
                [!provide]                        PROVIDE (__cy_heap_end = (__cy_stack - 0x800))

.cybootloader   0x0000000000000000     0x2200
 *(.cybootloader)
 .cybootloader  0x0000000000000000     0x2200 .pio/build/cubecell_board_plus/libFrameworkArduino.a(cybootloader.c.o)
                0x0000000000000000                cy_bootloader
                0x0000000000002200                appl1_start = CY_APPL_ORIGIN?CY_APPL_ORIGIN:ALIGN (CY_FLASH_ROW_SIZE)
                0x0000000000011000                appl2_start = (appl1_start + ALIGN ((((LENGTH (rom) - appl1_start) - (0x2 * CY_FLASH_ROW_SIZE)) / 0x2), CY_FLASH_ROW_SIZE))
                0x0000000000002200                appl_start = (CY_APPL_NUM == 0x1)?appl1_start:appl2_start
                0x0000000000000000                cy_project_type_bootloader = (appl_start == 0x0)?0x1:0x0
                0x0000000000000000                cy_project_type_app_for_stack_and_copier = (CY_APP_FOR_STACK_AND_COPIER == 0x1)?0x1:0x0

.text           0x0000000000002200    0x1370c
 CREATE_OBJECT_SYMBOLS
                0x0000000000002200                PROVIDE (__cy_interrupt_vector = RomVectors)
 *(.romvectors)
 .romvectors    0x0000000000002200       0x10 .pio/build/cubecell_board_plus/libFrameworkArduino.a(Cm0plusStart.c.o)
                0x0000000000002200                RomVectors
                0x0000000000000001                ASSERT ((. != __cy_interrupt_vector), No interrupt vector)
                0x0000000000000001                ASSERT (CY_APPL_ORIGIN?(SIZEOF (.cybootloader) <= CY_APPL_ORIGIN):0x1, Wrong image location)
                0x0000000000002210                PROVIDE (__cy_reset = Reset)
 *(.text.Reset)
 .text.Reset    0x0000000000002210       0x18 .pio/build/cubecell_board_plus/libFrameworkArduino.a(Cm0plusStart.c.o)
                0x0000000000002210                Reset
                0x0000000000000001                ASSERT ((. != __cy_reset), No reset code)
 *(.psocinit)
 .psocinit      0x0000000000002228      0x1b4 /home/user/.platformio/packages/framework-arduinoasrmicro650x/cores/asr650x/projects/CubeCellLib.a(cyfitter_cfg.o)
                0x0000000000002228                cyfitter_cfg
                0x00000000000023dc                . = MAX (., 0x100)
 *(.text .text.* .gnu.linkonce.t.*)
 .text.__do_global_dtors_aux
                0x00000000000023dc       0x28 /home/user/.platformio/packages/toolchain-gccarmnoneeabi/bin/../lib/gcc/arm-none-eabi/9.2.1/thumb/v6-m/nofp/crtbegin.o
 .text.frame_dummy
                0x0000000000002404       0x20 /home/user/.platformio/packages/toolchain-gccarmnoneeabi/bin/../lib/gcc/arm-none-eabi/9.2.1/thumb/v6-m/nofp/crtbegin.o
 .text._Z17interrupt_handlerv
                0x0000000000002424       0x28 .pio/build/cubecell_board_plus/src/main.cpp.o
                0x0000000000002424                interrupt_handler()
 .text.checkUserAt
                0x000000000000244c       0xa4 .pio/build/cubecell_board_plus/src/main.cpp.o
                0x000000000000244c                checkUserAt
 .text._Z5setupv
                0x00000000000024f0       0xb4 .pio/build/cubecell_board_plus/src/main.cpp.o
                0x00000000000024f0                setup()
 .text._Z4loopv
                0x00000000000025a4      0x160 .pio/build/cubecell_board_plus/src/main.cpp.o
                0x00000000000025a4                loop()
 .text.startup._GLOBAL__sub_I_devEui
                0x0000000000002704       0x1c .pio/build/cubecell_board_plus/src/main.cpp.o
 .text.unlikely.printLoraPara
                0x0000000000002720       0x5c /home/user/.platformio/packages/framework-arduinoasrmicro650x/cores/asr650x/projects/CubeCellLib.a(AT_Command.o)
 .text.getLoraPara
                0x000000000000277c       0xb0 /home/user/.platformio/packages/framework-arduinoasrmicro650x/cores/asr650x/projects/CubeCellLib.a(AT_Command.o)
 .text.unlikely.updateLicence
                0x000000000000282c       0x68 /home/user/.platformio/packages/framework-arduinoasrmicro650x/cores/asr650x/projects/CubeCellLib.a(AT_Command.o)
 .text.initAt   0x0000000000002894       0x30 /home/user/.platformio/packages/framework-arduinoasrmicro650x/cores/asr650x/projects/CubeCellLib.a(AT_Command.o)
 .text.onAutoLpm
                0x00000000000028c4       0x58 /home/user/.platformio/packages/framework-arduinoasrmicro650x/cores/asr650x/projects/CubeCellLib.a(AT_Command.o)
 .text.unlikely.print_Para.isra.1
                0x000000000000291c      0x130 /home/user/.platformio/packages/framework-arduinoasrmicro650x/cores/asr650x/projects/CubeCellLib.a(AT_Command.o)
 .text.unlikely.checkLoraParaformat.isra.2
                0x0000000000002a4c       0x84 /home/user/.platformio/packages/framework-arduinoasrmicro650x/cores/asr650x/projects/CubeCellLib.a(AT_Command.o)
 .text.unlikely.check_content.isra.5
                0x0000000000002ad0      0x390 /home/user/.platformio/packages/framework-arduinoasrmicro650x/cores/asr650x/projects/CubeCellLib.a(AT_Command.o)
 .text.wakefromUart
                0x0000000000002e60       0xb0 /home/user/.platformio/packages/framework-arduinoasrmicro650x/cores/asr650x/projects/CubeCellLib.a(AT_Command.o)
 .text.ReceiveCommand
                0x0000000000002f10       0x64 /home/user/.platformio/packages/framework-arduinoasrmicro650x/cores/asr650x/projects/CubeCellLib.a(AT_Command.o)
                0x0000000000002f10                ReceiveCommand
 .text.updatePrintCopyright
                0x0000000000002f74       0x3c /home/user/.platformio/packages/framework-arduinoasrmicro650x/cores/asr650x/projects/CubeCellLib.a(AT_Command.o)
                0x0000000000002f74                updatePrintCopyright
 .text.enableAt
                0x0000000000002fb0       0x38 /home/user/.platformio/packages/framework-arduinoasrmicro650x/cores/asr650x/projects/CubeCellLib.a(AT_Command.o)
                0x0000000000002fb0                enableAt
 .text.print_para_1
                0x0000000000002fe8       0x20 /home/user/.platformio/packages/framework-arduinoasrmicro650x/cores/asr650x/projects/CubeCellLib.a(AT_Command.o)
                0x0000000000002fe8                print_para_1
 .text.prepareSavePara
                0x0000000000003008       0x1c /home/user/.platformio/packages/framework-arduinoasrmicro650x/cores/asr650x/projects/CubeCellLib.a(AT_Command.o)
                0x0000000000003008                prepareSavePara
 .text.getDevParam
                0x0000000000003024      0x2f8 /home/user/.platformio/packages/framework-arduinoasrmicro650x/cores/asr650x/projects/CubeCellLib.a(AT_Command.o)
                0x0000000000003024                getDevParam
 .text.netInfoDisable
                0x000000000000331c       0x1a /home/user/.platformio/packages/framework-arduinoasrmicro650x/cores/asr650x/projects/CubeCellLib.a(AT_Command.o)
                0x000000000000331c                netInfoDisable
 *fill*         0x0000000000003336        0x2 
 .text.onUartEvent
                0x0000000000003338      0xde0 /home/user/.platformio/packages/framework-arduinoasrmicro650x/cores/asr650x/projects/CubeCellLib.a(AT_Command.o)
 .text.saveNetInfo
                0x0000000000004118       0x58 /home/user/.platformio/packages/framework-arduinoasrmicro650x/cores/asr650x/projects/CubeCellLib.a(AT_Command.o)
                0x0000000000004118                saveNetInfo
 .text.checkNetInfo
                0x0000000000004170       0x34 /home/user/.platformio/packages/framework-arduinoasrmicro650x/cores/asr650x/projects/CubeCellLib.a(AT_Command.o)
                0x0000000000004170                checkNetInfo
 .text.saveDownCnt
                0x00000000000041a4       0x40 /home/user/.platformio/packages/framework-arduinoasrmicro650x/cores/asr650x/projects/CubeCellLib.a(AT_Command.o)
                0x00000000000041a4                saveDownCnt
 .text.getNetInfo
                0x00000000000041e4      0x120 /home/user/.platformio/packages/framework-arduinoasrmicro650x/cores/asr650x/projects/CubeCellLib.a(AT_Command.o)
                0x00000000000041e4                getNetInfo
 .text.printDevParam
                0x0000000000004304      0x224 /home/user/.platformio/packages/framework-arduinoasrmicro650x/cores/asr650x/projects/CubeCellLib.a(AT_Command.o)
                0x0000000000004304                printDevParam
 .text.UART_1_Enable
                0x0000000000004528       0x20 /home/user/.platformio/packages/framework-arduinoasrmicro650x/cores/asr650x/projects/CubeCellLib.a(UART_1.o)
                0x0000000000004528                UART_1_Enable
 .text.UART_1_Start
                0x0000000000004548       0x54 /home/user/.platformio/packages/framework-arduinoasrmicro650x/cores/asr650x/projects/CubeCellLib.a(UART_1.o)
                0x0000000000004548                UART_1_Start
 .text.UART_1_Stop
                0x000000000000459c       0x54 /home/user/.platformio/packages/framework-arduinoasrmicro650x/cores/asr650x/projects/CubeCellLib.a(UART_1.o)
                0x000000000000459c                UART_1_Stop
 .text.globalGpioIsrEntry
                0x00000000000045f0       0x58 /home/user/.platformio/packages/framework-arduinoasrmicro650x/cores/asr650x/projects/CubeCellLib.a(ASR_Arduino.o)
                0x00000000000045f0                globalGpioIsrEntry
 .text.getID    0x0000000000004648       0x18 /home/user/.platformio/packages/framework-arduinoasrmicro650x/cores/asr650x/projects/CubeCellLib.a(ASR_Arduino.o)
                0x0000000000004648                getID
 .text.license_check
                0x0000000000004660      0x268 /home/user/.platformio/packages/framework-arduinoasrmicro650x/cores/asr650x/projects/CubeCellLib.a(ASR_Arduino.o)
                0x0000000000004660                license_check
 .text.pinMode  0x00000000000048c8       0x6c /home/user/.platformio/packages/framework-arduinoasrmicro650x/cores/asr650x/projects/CubeCellLib.a(ASR_Arduino.o)
                0x00000000000048c8                pinMode
 .text.digitalWrite
                0x0000000000004934       0x68 /home/user/.platformio/packages/framework-arduinoasrmicro650x/cores/asr650x/projects/CubeCellLib.a(ASR_Arduino.o)
                0x0000000000004934                digitalWrite
 .text.digitalRead
                0x000000000000499c       0x20 /home/user/.platformio/packages/framework-arduinoasrmicro650x/cores/asr650x/projects/CubeCellLib.a(ASR_Arduino.o)
                0x000000000000499c                digitalRead
 .text.ClearPinInterrupt
                0x00000000000049bc       0x1c /home/user/.platformio/packages/framework-arduinoasrmicro650x/cores/asr650x/projects/CubeCellLib.a(ASR_Arduino.o)
                0x00000000000049bc                ClearPinInterrupt
 .text.attachInterrupt
                0x00000000000049d8       0x7c /home/user/.platformio/packages/framework-arduinoasrmicro650x/cores/asr650x/projects/CubeCellLib.a(ASR_Arduino.o)
                0x00000000000049d8                attachInterrupt
 .text.detachInterrupt
                0x0000000000004a54       0x6c /home/user/.platformio/packages/framework-arduinoasrmicro650x/cores/asr650x/projects/CubeCellLib.a(ASR_Arduino.o)
                0x0000000000004a54                detachInterrupt
 .text.analogRead
                0x0000000000004ac0       0x70 /home/user/.platformio/packages/framework-arduinoasrmicro650x/cores/asr650x/projects/CubeCellLib.a(ASR_Arduino.o)
                0x0000000000004ac0                analogRead
 .text.delay    0x0000000000004b30        0x8 /home/user/.platformio/packages/framework-arduinoasrmicro650x/cores/asr650x/projects/CubeCellLib.a(ASR_Arduino.o)
                0x0000000000004b30                delay
 .text.millis   0x0000000000004b38        0xc /home/user/.platformio/packages/framework-arduinoasrmicro650x/cores/asr650x/projects/CubeCellLib.a(ASR_Arduino.o)
                0x0000000000004b38                millis
 .text.SPI_BUSY_SetDriveMode
                0x0000000000004b44        0x2 /home/user/.platformio/packages/framework-arduinoasrmicro650x/cores/asr650x/projects/CubeCellLib.a(ASR_Arduino.o)
                0x0000000000004b44                SPI_BUSY_SetDriveMode
 .text.SPI_NRESET_SetDriveMode
                0x0000000000004b46        0x2 /home/user/.platformio/packages/framework-arduinoasrmicro650x/cores/asr650x/projects/CubeCellLib.a(ASR_Arduino.o)
                0x0000000000004b46                SPI_NRESET_SetDriveMode
 .text.antpow_SetDriveMode
                0x0000000000004b48        0x2 /home/user/.platformio/packages/framework-arduinoasrmicro650x/cores/asr650x/projects/CubeCellLib.a(ASR_Arduino.o)
                0x0000000000004b48                antpow_SetDriveMode
 .text.SPI_1_miso_m_SetDriveMode
                0x0000000000004b4a        0x2 /home/user/.platformio/packages/framework-arduinoasrmicro650x/cores/asr650x/projects/CubeCellLib.a(ASR_Arduino.o)
                0x0000000000004b4a                SPI_1_miso_m_SetDriveMode
 .text.SPI_1_mosi_m_SetDriveMode
                0x0000000000004b4c        0x2 /home/user/.platformio/packages/framework-arduinoasrmicro650x/cores/asr650x/projects/CubeCellLib.a(ASR_Arduino.o)
                0x0000000000004b4c                SPI_1_mosi_m_SetDriveMode
 .text.SPI_1_sclk_m_SetDriveMode
                0x0000000000004b4e        0x2 /home/user/.platformio/packages/framework-arduinoasrmicro650x/cores/asr650x/projects/CubeCellLib.a(ASR_Arduino.o)
                0x0000000000004b4e                SPI_1_sclk_m_SetDriveMode
 .text.TimeStampsUpdate
                0x0000000000004b50       0x38 /home/user/.platformio/packages/framework-arduinoasrmicro650x/cores/asr650x/projects/CubeCellLib.a(timeServer.o)
 .text.TimerSetTimeout
                0x0000000000004b88       0x10 /home/user/.platformio/packages/framework-arduinoasrmicro650x/cores/asr650x/projects/CubeCellLib.a(timeServer.o)
 .text.TimerInsertNewHeadTimer
                0x0000000000004b98       0x1c /home/user/.platformio/packages/framework-arduinoasrmicro650x/cores/asr650x/projects/CubeCellLib.a(timeServer.o)
 .text.TimerSetSysTime
                0x0000000000004bb4       0x10 /home/user/.platformio/packages/framework-arduinoasrmicro650x/cores/asr650x/projects/CubeCellLib.a(timeServer.o)
                0x0000000000004bb4                TimerSetSysTime
 .text.TimerGetSysTime
                0x0000000000004bc4       0x28 /home/user/.platformio/packages/framework-arduinoasrmicro650x/cores/asr650x/projects/CubeCellLib.a(timeServer.o)
                0x0000000000004bc4                TimerGetSysTime
 .text.TimerInit
                0x0000000000004bec        0xe /home/user/.platformio/packages/framework-arduinoasrmicro650x/cores/asr650x/projects/CubeCellLib.a(timeServer.o)
                0x0000000000004bec                TimerInit
 *fill*         0x0000000000004bfa        0x2 
 .text.TimerStart
                0x0000000000004bfc       0x88 /home/user/.platformio/packages/framework-arduinoasrmicro650x/cores/asr650x/projects/CubeCellLib.a(timeServer.o)
                0x0000000000004bfc                TimerStart
 .text.TimerIrqHandler
                0x0000000000004c84       0x70 /home/user/.platformio/packages/framework-arduinoasrmicro650x/cores/asr650x/projects/CubeCellLib.a(timeServer.o)
                0x0000000000004c84                TimerIrqHandler
 .text.TimerStop
                0x0000000000004cf4       0x68 /home/user/.platformio/packages/framework-arduinoasrmicro650x/cores/asr650x/projects/CubeCellLib.a(timeServer.o)
                0x0000000000004cf4                TimerStop
 .text.TimerSetValue
                0x0000000000004d5c       0x1c /home/user/.platformio/packages/framework-arduinoasrmicro650x/cores/asr650x/projects/CubeCellLib.a(timeServer.o)
                0x0000000000004d5c                TimerSetValue
 .text.TimerGetCurrentTime
                0x0000000000004d78       0x10 /home/user/.platformio/packages/framework-arduinoasrmicro650x/cores/asr650x/projects/CubeCellLib.a(timeServer.o)
                0x0000000000004d78                TimerGetCurrentTime
 .text.TimerGetElapsedTime
                0x0000000000004d88       0x10 /home/user/.platformio/packages/framework-arduinoasrmicro650x/cores/asr650x/projects/CubeCellLib.a(timeServer.o)
                0x0000000000004d88                TimerGetElapsedTime
 .text.get_timer_context
                0x0000000000004d98        0xc /home/user/.platformio/packages/framework-arduinoasrmicro650x/cores/asr650x/projects/CubeCellLib.a(lorawan_port.o)
 .text.set_timer_val
                0x0000000000004da4        0xc /home/user/.platformio/packages/framework-arduinoasrmicro650x/cores/asr650x/projects/CubeCellLib.a(lorawan_port.o)
 .text.radio_rw_dis
                0x0000000000004db0        0x2 /home/user/.platformio/packages/framework-arduinoasrmicro650x/cores/asr650x/projects/CubeCellLib.a(lorawan_port.o)
 .text.radio_rw
                0x0000000000004db2        0x4 /home/user/.platformio/packages/framework-arduinoasrmicro650x/cores/asr650x/projects/CubeCellLib.a(lorawan_port.o)
 *fill*         0x0000000000004db6        0x2 
 .text.RTC_Update_ASR
                0x0000000000004db8       0x28 /home/user/.platformio/packages/framework-arduinoasrmicro650x/cores/asr650x/projects/CubeCellLib.a(lorawan_port.o)
                0x0000000000004db8                RTC_Update_ASR
 .text.get_current_time
                0x0000000000004de0       0x54 /home/user/.platformio/packages/framework-arduinoasrmicro650x/cores/asr650x/projects/CubeCellLib.a(lorawan_port.o)
                0x0000000000004de0                get_current_time
 .text.get_sys_time
                0x0000000000004e34       0x28 /home/user/.platformio/packages/framework-arduinoasrmicro650x/cores/asr650x/projects/CubeCellLib.a(lorawan_port.o)
                0x0000000000004e34                get_sys_time
 .text.set_sys_time
                0x0000000000004e5c       0x44 /home/user/.platformio/packages/framework-arduinoasrmicro650x/cores/asr650x/projects/CubeCellLib.a(lorawan_port.o)
                0x0000000000004e5c                set_sys_time
 .text.compute_elapsed_time
                0x0000000000004ea0       0x10 /home/user/.platformio/packages/framework-arduinoasrmicro650x/cores/asr650x/projects/CubeCellLib.a(lorawan_port.o)
 .text.get_timer_elapsed_time
                0x0000000000004eb0       0x14 /home/user/.platformio/packages/framework-arduinoasrmicro650x/cores/asr650x/projects/CubeCellLib.a(lorawan_port.o)
 .text.set_timer_context
                0x0000000000004ec4       0x14 /home/user/.platformio/packages/framework-arduinoasrmicro650x/cores/asr650x/projects/CubeCellLib.a(lorawan_port.o)
 .text.enter_sleep_mode
                0x0000000000004ed8        0x8 /home/user/.platformio/packages/framework-arduinoasrmicro650x/cores/asr650x/projects/CubeCellLib.a(lorawan_port.o)
 .text.set_alarm
                0x0000000000004ee0       0x20 /home/user/.platformio/packages/framework-arduinoasrmicro650x/cores/asr650x/projects/CubeCellLib.a(lorawan_port.o)
 .text.set_timeout
                0x0000000000004f00       0x2e /home/user/.platformio/packages/framework-arduinoasrmicro650x/cores/asr650x/projects/CubeCellLib.a(lorawan_port.o)
 .text.AlarmBackHandler
                0x0000000000004f2e        0x8 /home/user/.platformio/packages/framework-arduinoasrmicro650x/cores/asr650x/projects/CubeCellLib.a(lorawan_port.o)
 .text.stop_alarm
                0x0000000000004f36        0x8 /home/user/.platformio/packages/framework-arduinoasrmicro650x/cores/asr650x/projects/CubeCellLib.a(lorawan_port.o)
 .text.delay_ms
                0x0000000000004f3e        0x8 /home/user/.platformio/packages/framework-arduinoasrmicro650x/cores/asr650x/projects/CubeCellLib.a(lorawan_port.o)
 .text.get_mft_baud
                0x0000000000004f46        0x8 /home/user/.platformio/packages/framework-arduinoasrmicro650x/cores/asr650x/projects/CubeCellLib.a(lorawan_port.o)
 .text.set_mft_baud
                0x0000000000004f4e        0x8 /home/user/.platformio/packages/framework-arduinoasrmicro650x/cores/asr650x/projects/CubeCellLib.a(lorawan_port.o)
 .text.get_mft_sn
                0x0000000000004f56        0x8 /home/user/.platformio/packages/framework-arduinoasrmicro650x/cores/asr650x/projects/CubeCellLib.a(lorawan_port.o)
 .text.get_mft_rev
                0x0000000000004f5e        0x8 /home/user/.platformio/packages/framework-arduinoasrmicro650x/cores/asr650x/projects/CubeCellLib.a(lorawan_port.o)
 .text.get_mft_model
                0x0000000000004f66        0x8 /home/user/.platformio/packages/framework-arduinoasrmicro650x/cores/asr650x/projects/CubeCellLib.a(lorawan_port.o)
 .text.get_mft_id
                0x0000000000004f6e        0x8 /home/user/.platformio/packages/framework-arduinoasrmicro650x/cores/asr650x/projects/CubeCellLib.a(lorawan_port.o)
 .text.radio_rw_en
                0x0000000000004f76        0x2 /home/user/.platformio/packages/framework-arduinoasrmicro650x/cores/asr650x/projects/CubeCellLib.a(lorawan_port.o)
 .text.exit_stop_mode
                0x0000000000004f78        0x2 /home/user/.platformio/packages/framework-arduinoasrmicro650x/cores/asr650x/projects/CubeCellLib.a(lorawan_port.o)
 .text.set_uc_wakeup_time
                0x0000000000004f7a        0x2 /home/user/.platformio/packages/framework-arduinoasrmicro650x/cores/asr650x/projects/CubeCellLib.a(lorawan_port.o)
 .text.radio_reset
                0x0000000000004f7c        0x2 /home/user/.platformio/packages/framework-arduinoasrmicro650x/cores/asr650x/projects/CubeCellLib.a(lorawan_port.o)
 .text.radio_reset_cfg_input
                0x0000000000004f7e        0x2 /home/user/.platformio/packages/framework-arduinoasrmicro650x/cores/asr650x/projects/CubeCellLib.a(lorawan_port.o)
 .text.BackupGpioDriveMode
                0x0000000000004f80      0x114 /home/user/.platformio/packages/framework-arduinoasrmicro650x/cores/asr650x/projects/CubeCellLib.a(lorawan_port.o)
                0x0000000000004f80                BackupGpioDriveMode
 .text.RestoreGpioDriveMode
                0x0000000000005094      0x118 /home/user/.platformio/packages/framework-arduinoasrmicro650x/cores/asr650x/projects/CubeCellLib.a(lorawan_port.o)
                0x0000000000005094                RestoreGpioDriveMode
 .text.SetPinHIZ
                0x00000000000051ac       0x2e /home/user/.platformio/packages/framework-arduinoasrmicro650x/cores/asr650x/projects/CubeCellLib.a(lorawan_port.o)
                0x00000000000051ac                SetPinHIZ
 .text.UartDeepsleep
                0x00000000000051da       0x28 /home/user/.platformio/packages/framework-arduinoasrmicro650x/cores/asr650x/projects/CubeCellLib.a(lorawan_port.o)
                0x00000000000051da                UartDeepsleep
 *fill*         0x0000000000005202        0x2 
 .text.enter_stop_mode
                0x0000000000005204       0x3c /home/user/.platformio/packages/framework-arduinoasrmicro650x/cores/asr650x/projects/CubeCellLib.a(lorawan_port.o)
 .text.RtcInit  0x0000000000005240       0x3c /home/user/.platformio/packages/framework-arduinoasrmicro650x/cores/asr650x/projects/CubeCellLib.a(lorawan_port.o)
                0x0000000000005240                RtcInit
 .text.Asr_Timer_RegisterAlarmCallback
                0x000000000000527c       0x10 /home/user/.platformio/packages/framework-arduinoasrmicro650x/cores/asr650x/projects/CubeCellLib.a(asr_timer.o)
                0x000000000000527c                Asr_Timer_RegisterAlarmCallback
 .text.Asr_SetTimeout
                0x000000000000528c       0xc4 /home/user/.platformio/packages/framework-arduinoasrmicro650x/cores/asr650x/projects/CubeCellLib.a(asr_timer.o)
                0x000000000000528c                Asr_SetTimeout
 .text.Asr_Timer_Init
                0x0000000000005350       0x68 /home/user/.platformio/packages/framework-arduinoasrmicro650x/cores/asr650x/projects/CubeCellLib.a(asr_timer.o)
                0x0000000000005350                Asr_Timer_Init
 .text.Asr_Timer_Disable
                0x00000000000053b8       0x18 /home/user/.platformio/packages/framework-arduinoasrmicro650x/cores/asr650x/projects/CubeCellLib.a(asr_timer.o)
                0x00000000000053b8                Asr_Timer_Disable
 .text.Timer0IsrCallback
                0x00000000000053d0       0x1c /home/user/.platformio/packages/framework-arduinoasrmicro650x/cores/asr650x/projects/CubeCellLib.a(asr_timer.o)
                0x00000000000053d0                Timer0IsrCallback
 .text.Timer1IsrCallback
                0x00000000000053ec       0x28 /home/user/.platformio/packages/framework-arduinoasrmicro650x/cores/asr650x/projects/CubeCellLib.a(asr_timer.o)
                0x00000000000053ec                Timer1IsrCallback
 .text.systemTimer
                0x0000000000005414       0x10 /home/user/.platformio/packages/framework-arduinoasrmicro650x/cores/asr650x/projects/CubeCellLib.a(cyfitter_cfg.o)
                0x0000000000005414                systemTimer
 .text.SetAnalogRoutingPumps
                0x0000000000005424       0x1c /home/user/.platformio/packages/framework-arduinoasrmicro650x/cores/asr650x/projects/CubeCellLib.a(cyfitter_cfg.o)
                0x0000000000005424                SetAnalogRoutingPumps
 .text._ZN10CayenneLPPC2Eh
                0x0000000000005440       0x18 .pio/build/cubecell_board_plus/libef2/libCayenneLPP.a(CayenneLPP.cpp.o)
                0x0000000000005440                CayenneLPP::CayenneLPP(unsigned char)
                0x0000000000005440                CayenneLPP::CayenneLPP(unsigned char)
 .text._ZN10CayenneLPPD2Ev
                0x0000000000005458        0xe .pio/build/cubecell_board_plus/libef2/libCayenneLPP.a(CayenneLPP.cpp.o)
                0x0000000000005458                CayenneLPP::~CayenneLPP()
                0x0000000000005458                CayenneLPP::~CayenneLPP()
 .text._ZN10CayenneLPP7getSizeEv
                0x0000000000005466        0x4 .pio/build/cubecell_board_plus/libef2/libCayenneLPP.a(CayenneLPP.cpp.o)
                0x0000000000005466                CayenneLPP::getSize()
 .text._ZN10CayenneLPP9getBufferEv
                0x000000000000546a        0x4 .pio/build/cubecell_board_plus/libef2/libCayenneLPP.a(CayenneLPP.cpp.o)
                0x000000000000546a                CayenneLPP::getBuffer()
 *fill*         0x000000000000546e        0x2 
 .text._ZN10CayenneLPP6isTypeEh
                0x0000000000005470       0x38 .pio/build/cubecell_board_plus/libef2/libCayenneLPP.a(CayenneLPP.cpp.o)
                0x0000000000005470                CayenneLPP::isType(unsigned char)
 .text._ZN10CayenneLPP11getTypeSizeEh
                0x00000000000054a8       0x88 .pio/build/cubecell_board_plus/libef2/libCayenneLPP.a(CayenneLPP.cpp.o)
                0x00000000000054a8                CayenneLPP::getTypeSize(unsigned char)
 .text._ZN10CayenneLPP17getTypeMultiplierEh
                0x0000000000005530       0x88 .pio/build/cubecell_board_plus/libef2/libCayenneLPP.a(CayenneLPP.cpp.o)
                0x0000000000005530                CayenneLPP::getTypeMultiplier(unsigned char)
 .text._ZN10CayenneLPP13getTypeSignedEh
                0x00000000000055b8       0x24 .pio/build/cubecell_board_plus/libef2/libCayenneLPP.a(CayenneLPP.cpp.o)
                0x00000000000055b8                CayenneLPP::getTypeSigned(unsigned char)
 .text._ZN10CayenneLPP8addFieldIfEEhhhT_
                0x00000000000055dc       0xca .pio/build/cubecell_board_plus/libef2/libCayenneLPP.a(CayenneLPP.cpp.o)
                0x00000000000055dc                unsigned char CayenneLPP::addField<float>(unsigned char, unsigned char, float)
 .text._ZN10CayenneLPP14addAnalogInputEhf
                0x00000000000056a6        0xe .pio/build/cubecell_board_plus/libef2/libCayenneLPP.a(CayenneLPP.cpp.o)
                0x00000000000056a6                CayenneLPP::addAnalogInput(unsigned char, float)
 .text._ZN10CayenneLPP10addVoltageEhf
                0x00000000000056b4        0xe .pio/build/cubecell_board_plus/libef2/libCayenneLPP.a(CayenneLPP.cpp.o)
                0x00000000000056b4                CayenneLPP::addVoltage(unsigned char, float)
 .text._ZN10SH1107Wire15getBufferOffsetEv
                0x00000000000056c2        0x4 .pio/build/cubecell_board_plus/libf50/libLoRa.a(LoRaWan_APP.cpp.o)
                0x00000000000056c2                SH1107Wire::getBufferOffset()
 *fill*         0x00000000000056c6        0x2 
 .text._ZN10SH1107Wire11sendCommandEh
                0x00000000000056c8       0x34 .pio/build/cubecell_board_plus/libf50/libLoRa.a(LoRaWan_APP.cpp.o)
                0x00000000000056c8                SH1107Wire::sendCommand(unsigned char)
 .text._ZL11McpsConfirmP12sMcpsConfirm
                0x00000000000056fc        0xc .pio/build/cubecell_board_plus/libf50/libLoRa.a(LoRaWan_APP.cpp.o)
 .text._ZN10SH1107Wire7connectEv
                0x0000000000005708       0x18 .pio/build/cubecell_board_plus/libf50/libLoRa.a(LoRaWan_APP.cpp.o)
                0x0000000000005708                SH1107Wire::connect()
 .text._ZN10SH1107WireD2Ev
                0x0000000000005720       0x14 .pio/build/cubecell_board_plus/libf50/libLoRa.a(LoRaWan_APP.cpp.o)
                0x0000000000005720                SH1107Wire::~SH1107Wire()
                0x0000000000005720                SH1107Wire::~SH1107Wire()
 .text._ZN10SH1107WireD0Ev
                0x0000000000005734       0x14 .pio/build/cubecell_board_plus/libf50/libLoRa.a(LoRaWan_APP.cpp.o)
                0x0000000000005734                SH1107Wire::~SH1107Wire()
 .text._ZL24OnTxNextPacketTimerEventv
                0x0000000000005748       0x68 .pio/build/cubecell_board_plus/libf50/libLoRa.a(LoRaWan_APP.cpp.o)
 .text._ZL14MlmeIndicationP15sMlmeIndication
                0x00000000000057b0        0xe .pio/build/cubecell_board_plus/libf50/libLoRa.a(LoRaWan_APP.cpp.o)
 *fill*         0x00000000000057be        0x2 
 .text._ZN10SH1107Wire18initI2cIfNeccesaryEv
                0x00000000000057c0       0x20 .pio/build/cubecell_board_plus/libf50/libLoRa.a(LoRaWan_APP.cpp.o)
                0x00000000000057c0                SH1107Wire::initI2cIfNeccesary()
 .text.turnOnRGB
                0x00000000000057e0       0x50 .pio/build/cubecell_board_plus/libf50/libLoRa.a(LoRaWan_APP.cpp.o)
                0x00000000000057e0                turnOnRGB
 .text.turnOffRGB
                0x0000000000005830       0x24 .pio/build/cubecell_board_plus/libf50/libLoRa.a(LoRaWan_APP.cpp.o)
                0x0000000000005830                turnOffRGB
 .text.getBatteryVoltage
                0x0000000000005854       0x28 .pio/build/cubecell_board_plus/libf50/libLoRa.a(LoRaWan_APP.cpp.o)
                0x0000000000005854                getBatteryVoltage
 .text.BoardGetBatteryLevel
                0x000000000000587c       0x7c .pio/build/cubecell_board_plus/libf50/libLoRa.a(LoRaWan_APP.cpp.o)
                0x000000000000587c                BoardGetBatteryLevel
 .text.downLinkDataHandle
                0x00000000000058f8       0x5c .pio/build/cubecell_board_plus/libf50/libLoRa.a(LoRaWan_APP.cpp.o)
                0x00000000000058f8                downLinkDataHandle
 .text._ZL14McpsIndicationP15sMcpsIndication
                0x0000000000005954       0x90 .pio/build/cubecell_board_plus/libf50/libLoRa.a(LoRaWan_APP.cpp.o)
 .text.dev_time_updated
                0x00000000000059e4       0x10 .pio/build/cubecell_board_plus/libf50/libLoRa.a(LoRaWan_APP.cpp.o)
                0x00000000000059e4                dev_time_updated
 .text.lwan_dev_params_update
                0x00000000000059f4       0x28 .pio/build/cubecell_board_plus/libf50/libLoRa.a(LoRaWan_APP.cpp.o)
                0x00000000000059f4                lwan_dev_params_update
 .text.SendFrame
                0x0000000000005a1c       0xa8 .pio/build/cubecell_board_plus/libf50/libLoRa.a(LoRaWan_APP.cpp.o)
                0x0000000000005a1c                SendFrame
 .text._ZN12LoRaWanClass4initE12eDeviceClass16eLoRaMacRegion_t
                0x0000000000005ac4      0x144 .pio/build/cubecell_board_plus/libf50/libLoRa.a(LoRaWan_APP.cpp.o)
                0x0000000000005ac4                LoRaWanClass::init(eDeviceClass, eLoRaMacRegion_t)
 .text._ZN12LoRaWanClass4joinEv
                0x0000000000005c08       0xb0 .pio/build/cubecell_board_plus/libf50/libLoRa.a(LoRaWan_APP.cpp.o)
                0x0000000000005c08                LoRaWanClass::join()
 .text._ZN12LoRaWanClass4sendEv
                0x0000000000005cb8       0x3c .pio/build/cubecell_board_plus/libf50/libLoRa.a(LoRaWan_APP.cpp.o)
                0x0000000000005cb8                LoRaWanClass::send()
 .text._ZN12LoRaWanClass5cycleEm
                0x0000000000005cf4       0x18 .pio/build/cubecell_board_plus/libf50/libLoRa.a(LoRaWan_APP.cpp.o)
                0x0000000000005cf4                LoRaWanClass::cycle(unsigned long)
 .text._ZN12LoRaWanClass5sleepEv
                0x0000000000005d0c       0x14 .pio/build/cubecell_board_plus/libf50/libLoRa.a(LoRaWan_APP.cpp.o)
                0x0000000000005d0c                LoRaWanClass::sleep()
 .text._ZN12LoRaWanClass10ifskipjoinEv
                0x0000000000005d20      0x108 .pio/build/cubecell_board_plus/libf50/libLoRa.a(LoRaWan_APP.cpp.o)
                0x0000000000005d20                LoRaWanClass::ifskipjoin()
 .text.startup._GLOBAL__sub_I_pixels
                0x0000000000005e28       0x80 .pio/build/cubecell_board_plus/libf50/libLoRa.a(LoRaWan_APP.cpp.o)
 .text._ZN10SH1107Wire7displayEv
                0x0000000000005ea8      0x280 .pio/build/cubecell_board_plus/libf50/libLoRa.a(LoRaWan_APP.cpp.o)
                0x0000000000005ea8                SH1107Wire::display()
 .text._ZN12LoRaWanClass13displayJoinedEv
                0x0000000000006128       0x40 .pio/build/cubecell_board_plus/libf50/libLoRa.a(LoRaWan_APP.cpp.o)
                0x0000000000006128                LoRaWanClass::displayJoined()
 .text._ZL11MlmeConfirmP12sMlmeConfirm
                0x0000000000006168       0x90 .pio/build/cubecell_board_plus/libf50/libLoRa.a(LoRaWan_APP.cpp.o)
 .text._ZN6Stream9readBytesEPhj
                0x00000000000061f8        0xa .pio/build/cubecell_board_plus/libFrameworkArduino.a(HardwareSerial.cpp.o)
                0x00000000000061f8                Stream::readBytes(unsigned char*, unsigned int)
 .text._ZN14HardwareSerial4peekEv
                0x0000000000006202        0x4 .pio/build/cubecell_board_plus/libFrameworkArduino.a(HardwareSerial.cpp.o)
                0x0000000000006202                HardwareSerial::peek()
 .text._ZN14HardwareSerialD2Ev
                0x0000000000006206        0x2 .pio/build/cubecell_board_plus/libFrameworkArduino.a(HardwareSerial.cpp.o)
                0x0000000000006206                HardwareSerial::~HardwareSerial()
                0x0000000000006206                HardwareSerial::~HardwareSerial()
 .text._ZN14HardwareSerial9availableEv
                0x0000000000006208       0x16 .pio/build/cubecell_board_plus/libFrameworkArduino.a(HardwareSerial.cpp.o)
                0x0000000000006208                HardwareSerial::available()
 .text._ZN14HardwareSerial4readEv
                0x000000000000621e       0x26 .pio/build/cubecell_board_plus/libFrameworkArduino.a(HardwareSerial.cpp.o)
                0x000000000000621e                HardwareSerial::read()
 .text._ZN14HardwareSerial5writeEh
                0x0000000000006244       0x1a .pio/build/cubecell_board_plus/libFrameworkArduino.a(HardwareSerial.cpp.o)
                0x0000000000006244                HardwareSerial::write(unsigned char)
 .text._ZN14HardwareSerial5writeEPKhj
                0x000000000000625e       0x28 .pio/build/cubecell_board_plus/libFrameworkArduino.a(HardwareSerial.cpp.o)
                0x000000000000625e                HardwareSerial::write(unsigned char const*, unsigned int)
 .text._ZN14HardwareSerialD0Ev
                0x0000000000006286        0xe .pio/build/cubecell_board_plus/libFrameworkArduino.a(HardwareSerial.cpp.o)
                0x0000000000006286                HardwareSerial::~HardwareSerial()
 .text._ZN14HardwareSerial5flushEv
                0x0000000000006294       0x2c .pio/build/cubecell_board_plus/libFrameworkArduino.a(HardwareSerial.cpp.o)
                0x0000000000006294                HardwareSerial::flush()
 .text._ZN14HardwareSerial5beginEmmabm
                0x00000000000062c0      0x124 .pio/build/cubecell_board_plus/libFrameworkArduino.a(HardwareSerial.cpp.o)
                0x00000000000062c0                HardwareSerial::begin(unsigned long, unsigned long, signed char, bool, unsigned long)
 .text.startup._GLOBAL__sub_I_Serial
                0x00000000000063e4       0x5c .pio/build/cubecell_board_plus/libFrameworkArduino.a(HardwareSerial.cpp.o)
 .text._ZN7TwoWireD2Ev
                0x0000000000006440        0x2 .pio/build/cubecell_board_plus/libFrameworkArduino.a(Wire.cpp.o)
                0x0000000000006440                TwoWire::~TwoWire()
                0x0000000000006440                TwoWire::~TwoWire()
 .text._ZN7TwoWire5writeEPKhj
                0x0000000000006442       0x24 .pio/build/cubecell_board_plus/libFrameworkArduino.a(Wire.cpp.o)
                0x0000000000006442                TwoWire::write(unsigned char const*, unsigned int)
 .text._ZN7TwoWire9availableEv
                0x0000000000006466        0xe .pio/build/cubecell_board_plus/libFrameworkArduino.a(Wire.cpp.o)
                0x0000000000006466                TwoWire::available()
 .text._ZN7TwoWire4readEv
                0x0000000000006474       0x20 .pio/build/cubecell_board_plus/libFrameworkArduino.a(Wire.cpp.o)
                0x0000000000006474                TwoWire::read()
 .text._ZN7TwoWire4peekEv
                0x0000000000006494       0x1c .pio/build/cubecell_board_plus/libFrameworkArduino.a(Wire.cpp.o)
                0x0000000000006494                TwoWire::peek()
 .text._ZN7TwoWireD0Ev
                0x00000000000064b0       0x10 .pio/build/cubecell_board_plus/libFrameworkArduino.a(Wire.cpp.o)
                0x00000000000064b0                TwoWire::~TwoWire()
 .text._ZN7TwoWire5writeEh
                0x00000000000064c0       0x40 .pio/build/cubecell_board_plus/libFrameworkArduino.a(Wire.cpp.o)
                0x00000000000064c0                TwoWire::write(unsigned char)
 .text._ZN7TwoWire5flushEv
                0x0000000000006500       0x78 .pio/build/cubecell_board_plus/libFrameworkArduino.a(Wire.cpp.o)
                0x0000000000006500                TwoWire::flush()
 .text._ZN7TwoWireC2Ea
                0x0000000000006578       0x3c .pio/build/cubecell_board_plus/libFrameworkArduino.a(Wire.cpp.o)
                0x0000000000006578                TwoWire::TwoWire(signed char)
                0x0000000000006578                TwoWire::TwoWire(signed char)
 .text._ZN7TwoWire5beginEma
                0x00000000000065b4       0x6c .pio/build/cubecell_board_plus/libFrameworkArduino.a(Wire.cpp.o)
                0x00000000000065b4                TwoWire::begin(unsigned long, signed char)
 .text._ZN7TwoWire17writeTransmissionEtPhtb
                0x0000000000006620       0xc0 .pio/build/cubecell_board_plus/libFrameworkArduino.a(Wire.cpp.o)
                0x0000000000006620                TwoWire::writeTransmission(unsigned short, unsigned char*, unsigned short, bool)
 .text._ZN7TwoWire15endTransmissionEb
                0x00000000000066e0       0x68 .pio/build/cubecell_board_plus/libFrameworkArduino.a(Wire.cpp.o)
                0x00000000000066e0                TwoWire::endTransmission(bool)
 .text._ZN7TwoWire17beginTransmissionEh
                0x0000000000006748       0x12 .pio/build/cubecell_board_plus/libFrameworkArduino.a(Wire.cpp.o)
                0x0000000000006748                TwoWire::beginTransmission(unsigned char)
 .text._ZN7TwoWire15endTransmissionEv
                0x000000000000675a        0xa .pio/build/cubecell_board_plus/libFrameworkArduino.a(Wire.cpp.o)
                0x000000000000675a                TwoWire::endTransmission()
 .text.startup._GLOBAL__sub_I__ZN7TwoWireC2Ea
                0x0000000000006764       0x40 .pio/build/cubecell_board_plus/libFrameworkArduino.a(Wire.cpp.o)
 .text.SX126xIoInit
                0x00000000000067a4       0x44 .pio/build/cubecell_board_plus/libFrameworkArduino.a(asr_board.c.o)
                0x00000000000067a4                SX126xIoInit
 .text.SX126xIoIrqInit
                0x00000000000067e8       0x14 .pio/build/cubecell_board_plus/libFrameworkArduino.a(asr_board.c.o)
                0x00000000000067e8                SX126xIoIrqInit
 .text.SX126xGetBoardTcxoWakeupTime
                0x00000000000067fc        0x4 .pio/build/cubecell_board_plus/libFrameworkArduino.a(asr_board.c.o)
                0x00000000000067fc                SX126xGetBoardTcxoWakeupTime
 .text.SX126xReset
                0x0000000000006800       0x50 .pio/build/cubecell_board_plus/libFrameworkArduino.a(asr_board.c.o)
                0x0000000000006800                SX126xReset
 .text.SX126xWaitOnBusy
                0x0000000000006850       0x14 .pio/build/cubecell_board_plus/libFrameworkArduino.a(asr_board.c.o)
                0x0000000000006850                SX126xWaitOnBusy
 .text.SX126xWakeup
                0x0000000000006864       0x38 .pio/build/cubecell_board_plus/libFrameworkArduino.a(asr_board.c.o)
                0x0000000000006864                SX126xWakeup
 .text.SX126xWriteCommand
                0x000000000000689c       0x50 .pio/build/cubecell_board_plus/libFrameworkArduino.a(asr_board.c.o)
                0x000000000000689c                SX126xWriteCommand
 .text.SX126xReadCommand
                0x00000000000068ec       0x54 .pio/build/cubecell_board_plus/libFrameworkArduino.a(asr_board.c.o)
                0x00000000000068ec                SX126xReadCommand
 .text.SX126xWriteRegisters
                0x0000000000006940       0x5c .pio/build/cubecell_board_plus/libFrameworkArduino.a(asr_board.c.o)
                0x0000000000006940                SX126xWriteRegisters
 .text.SX126xWriteRegister
                0x000000000000699c       0x12 .pio/build/cubecell_board_plus/libFrameworkArduino.a(asr_board.c.o)
                0x000000000000699c                SX126xWriteRegister
 *fill*         0x00000000000069ae        0x2 
 .text.SX126xReadRegisters
                0x00000000000069b0       0x64 .pio/build/cubecell_board_plus/libFrameworkArduino.a(asr_board.c.o)
                0x00000000000069b0                SX126xReadRegisters
 .text.SX126xReadRegister
                0x0000000000006a14       0x12 .pio/build/cubecell_board_plus/libFrameworkArduino.a(asr_board.c.o)
                0x0000000000006a14                SX126xReadRegister
 *fill*         0x0000000000006a26        0x2 
 .text.SX126xWriteBuffer
                0x0000000000006a28       0x54 .pio/build/cubecell_board_plus/libFrameworkArduino.a(asr_board.c.o)
                0x0000000000006a28                SX126xWriteBuffer
 .text.SX126xReadBuffer
                0x0000000000006a7c       0x5c .pio/build/cubecell_board_plus/libFrameworkArduino.a(asr_board.c.o)
                0x0000000000006a7c                SX126xReadBuffer
 .text.SX126xSetRfTxPower
                0x0000000000006ad8        0xa .pio/build/cubecell_board_plus/libFrameworkArduino.a(asr_board.c.o)
                0x0000000000006ad8                SX126xSetRfTxPower
 .text.SX126xGetPaSelect
                0x0000000000006ae2        0x4 .pio/build/cubecell_board_plus/libFrameworkArduino.a(asr_board.c.o)
                0x0000000000006ae2                SX126xGetPaSelect
 .text.SX126xAntSwOn
                0x0000000000006ae6        0x2 .pio/build/cubecell_board_plus/libFrameworkArduino.a(asr_board.c.o)
                0x0000000000006ae6                SX126xAntSwOn
 .text.SX126xAntSwOff
                0x0000000000006ae8        0x2 .pio/build/cubecell_board_plus/libFrameworkArduino.a(asr_board.c.o)
                0x0000000000006ae8                SX126xAntSwOff
 .text.BoardDisableIrq
                0x0000000000006aea        0x4 .pio/build/cubecell_board_plus/libFrameworkArduino.a(asr_board.c.o)
                0x0000000000006aea                BoardDisableIrq
 .text.BoardEnableIrq
                0x0000000000006aee        0x4 .pio/build/cubecell_board_plus/libFrameworkArduino.a(asr_board.c.o)
                0x0000000000006aee                BoardEnableIrq
 *fill*         0x0000000000006af2        0x2 
 .text.boardInitMcu
                0x0000000000006af4       0x4c .pio/build/cubecell_board_plus/libFrameworkArduino.a(asr_board.c.o)
                0x0000000000006af4                boardInitMcu
 .text.HW_Get_MFT_ID
                0x0000000000006b40        0x8 .pio/build/cubecell_board_plus/libFrameworkArduino.a(asr_board.c.o)
                0x0000000000006b40                HW_Get_MFT_ID
 .text.HW_Get_MFT_Model
                0x0000000000006b48        0x8 .pio/build/cubecell_board_plus/libFrameworkArduino.a(asr_board.c.o)
                0x0000000000006b48                HW_Get_MFT_Model
 .text.HW_Get_MFT_Rev
                0x0000000000006b50        0x8 .pio/build/cubecell_board_plus/libFrameworkArduino.a(asr_board.c.o)
                0x0000000000006b50                HW_Get_MFT_Rev
 .text.HW_Get_MFT_SN
                0x0000000000006b58       0x24 .pio/build/cubecell_board_plus/libFrameworkArduino.a(asr_board.c.o)
                0x0000000000006b58                HW_Get_MFT_SN
 .text.HW_Set_MFT_Baud
                0x0000000000006b7c       0x64 .pio/build/cubecell_board_plus/libFrameworkArduino.a(asr_board.c.o)
                0x0000000000006b7c                HW_Set_MFT_Baud
 .text.HW_Get_MFT_Baud
                0x0000000000006be0        0xc .pio/build/cubecell_board_plus/libFrameworkArduino.a(asr_board.c.o)
                0x0000000000006be0                HW_Get_MFT_Baud
 .text.GpioInit
                0x0000000000006bec       0x12 .pio/build/cubecell_board_plus/libFrameworkArduino.a(gpio.c.o)
                0x0000000000006bec                GpioInit
 .text.GpioSetInterrupt
                0x0000000000006bfe        0x8 .pio/build/cubecell_board_plus/libFrameworkArduino.a(gpio.c.o)
                0x0000000000006bfe                GpioSetInterrupt
 .text.GpioWrite
                0x0000000000006c06        0x8 .pio/build/cubecell_board_plus/libFrameworkArduino.a(gpio.c.o)
                0x0000000000006c06                GpioWrite
 .text.GpioRead
                0x0000000000006c0e        0x8 .pio/build/cubecell_board_plus/libFrameworkArduino.a(gpio.c.o)
                0x0000000000006c0e                GpioRead
 .text.SpiInit  0x0000000000006c16        0x8 .pio/build/cubecell_board_plus/libFrameworkArduino.a(spi-board.c.o)
                0x0000000000006c16                SpiInit
 *fill*         0x0000000000006c1e        0x2 
 .text.SpiInOut
                0x0000000000006c20       0x34 .pio/build/cubecell_board_plus/libFrameworkArduino.a(spi-board.c.o)
                0x0000000000006c20                SpiInOut
 .text.ADC_SAR_Seq_Init
                0x0000000000006c54       0xd8 .pio/build/cubecell_board_plus/libFrameworkArduino.a(ADC_SAR_Seq.c.o)
                0x0000000000006c54                ADC_SAR_Seq_Init
 .text.ADC_SAR_Seq_Enable
                0x0000000000006d2c       0x2c .pio/build/cubecell_board_plus/libFrameworkArduino.a(ADC_SAR_Seq.c.o)
                0x0000000000006d2c                ADC_SAR_Seq_Enable
 .text.ADC_SAR_Seq_Start
                0x0000000000006d58       0x1c .pio/build/cubecell_board_plus/libFrameworkArduino.a(ADC_SAR_Seq.c.o)
                0x0000000000006d58                ADC_SAR_Seq_Start
 .text.ADC_SAR_Seq_Stop
                0x0000000000006d74       0x10 .pio/build/cubecell_board_plus/libFrameworkArduino.a(ADC_SAR_Seq.c.o)
                0x0000000000006d74                ADC_SAR_Seq_Stop
 .text.ADC_SAR_Seq_StartConvert
                0x0000000000006d84        0xc .pio/build/cubecell_board_plus/libFrameworkArduino.a(ADC_SAR_Seq.c.o)
                0x0000000000006d84                ADC_SAR_Seq_StartConvert
 .text.ADC_SAR_Seq_StopConvert
                0x0000000000006d90        0x2 .pio/build/cubecell_board_plus/libFrameworkArduino.a(ADC_SAR_Seq.c.o)
                0x0000000000006d90                ADC_SAR_Seq_StopConvert
 *fill*         0x0000000000006d92        0x2 
 .text.ADC_SAR_Seq_IsEndConversion
                0x0000000000006d94       0x2c .pio/build/cubecell_board_plus/libFrameworkArduino.a(ADC_SAR_Seq.c.o)
                0x0000000000006d94                ADC_SAR_Seq_IsEndConversion
 .text.ADC_SAR_Seq_GetResult16
                0x0000000000006dc0       0x20 .pio/build/cubecell_board_plus/libFrameworkArduino.a(ADC_SAR_Seq.c.o)
                0x0000000000006dc0                ADC_SAR_Seq_GetResult16
 .text.ADC_SAR_Seq_CountsTo_mVolts
                0x0000000000006de0       0x50 .pio/build/cubecell_board_plus/libFrameworkArduino.a(ADC_SAR_Seq.c.o)
                0x0000000000006de0                ADC_SAR_Seq_CountsTo_mVolts
 .text.ADC_SAR_Seq_ISR
                0x0000000000006e30        0xc .pio/build/cubecell_board_plus/libFrameworkArduino.a(ADC_SAR_Seq_INT.c.o)
                0x0000000000006e30                ADC_SAR_Seq_ISR
 .text.I2C_1_I2CMasterHandleStatus
                0x0000000000006e3c       0x94 .pio/build/cubecell_board_plus/libFrameworkArduino.a(I2C_1_I2C_MASTER.c.o)
 .text.I2C_1_I2CMasterWaitOneUnit
                0x0000000000006ed0       0x24 .pio/build/cubecell_board_plus/libFrameworkArduino.a(I2C_1_I2C_MASTER.c.o)
 .text.I2C_1_I2CMasterSendStart
                0x0000000000006ef4       0xbc .pio/build/cubecell_board_plus/libFrameworkArduino.a(I2C_1_I2C_MASTER.c.o)
                0x0000000000006ef4                I2C_1_I2CMasterSendStart
 .text.I2C_1_I2CMasterSendStop
                0x0000000000006fb0       0x54 .pio/build/cubecell_board_plus/libFrameworkArduino.a(I2C_1_I2C_MASTER.c.o)
                0x0000000000006fb0                I2C_1_I2CMasterSendStop
 .text.I2C_1_I2CMasterWriteByte
                0x0000000000007004       0x44 .pio/build/cubecell_board_plus/libFrameworkArduino.a(I2C_1_I2C_MASTER.c.o)
                0x0000000000007004                I2C_1_I2CMasterWriteByte
 .text.I2C_1_I2CMasterClearReadBuf
                0x0000000000007048       0x24 .pio/build/cubecell_board_plus/libFrameworkArduino.a(I2C_1_I2C_MASTER.c.o)
                0x0000000000007048                I2C_1_I2CMasterClearReadBuf
 .text.I2C_1_I2CMasterClearWriteBuf
                0x000000000000706c       0x24 .pio/build/cubecell_board_plus/libFrameworkArduino.a(I2C_1_I2C_MASTER.c.o)
                0x000000000000706c                I2C_1_I2CMasterClearWriteBuf
 .text.I2C_1_I2CMasterClearStatus
                0x0000000000007090       0x20 .pio/build/cubecell_board_plus/libFrameworkArduino.a(I2C_1_I2C_MASTER.c.o)
                0x0000000000007090                I2C_1_I2CMasterClearStatus
 .text.I2C_1_I2CReStartGeneration
                0x00000000000070b0       0x24 .pio/build/cubecell_board_plus/libFrameworkArduino.a(I2C_1_I2C_MASTER.c.o)
                0x00000000000070b0                I2C_1_I2CReStartGeneration
 .text.I2C_1_I2CMasterSendRestart
                0x00000000000070d4       0x60 .pio/build/cubecell_board_plus/libFrameworkArduino.a(I2C_1_I2C_MASTER.c.o)
                0x00000000000070d4                I2C_1_I2CMasterSendRestart
 .text.I2C_I2CMasterHandleStatus
                0x0000000000007134       0x94 .pio/build/cubecell_board_plus/libFrameworkArduino.a(I2C_I2C_MASTER.c.o)
 .text.I2C_I2CMasterWaitOneUnit
                0x00000000000071c8       0x24 .pio/build/cubecell_board_plus/libFrameworkArduino.a(I2C_I2C_MASTER.c.o)
 .text.I2C_I2CMasterSendStart
                0x00000000000071ec       0xbc .pio/build/cubecell_board_plus/libFrameworkArduino.a(I2C_I2C_MASTER.c.o)
                0x00000000000071ec                I2C_I2CMasterSendStart
 .text.I2C_I2CMasterSendStop
                0x00000000000072a8       0x54 .pio/build/cubecell_board_plus/libFrameworkArduino.a(I2C_I2C_MASTER.c.o)
                0x00000000000072a8                I2C_I2CMasterSendStop
 .text.I2C_I2CMasterWriteByte
                0x00000000000072fc       0x44 .pio/build/cubecell_board_plus/libFrameworkArduino.a(I2C_I2C_MASTER.c.o)
                0x00000000000072fc                I2C_I2CMasterWriteByte
 .text.I2C_I2CMasterClearReadBuf
                0x0000000000007340       0x24 .pio/build/cubecell_board_plus/libFrameworkArduino.a(I2C_I2C_MASTER.c.o)
                0x0000000000007340                I2C_I2CMasterClearReadBuf
 .text.I2C_I2CMasterClearWriteBuf
                0x0000000000007364       0x24 .pio/build/cubecell_board_plus/libFrameworkArduino.a(I2C_I2C_MASTER.c.o)
                0x0000000000007364                I2C_I2CMasterClearWriteBuf
 .text.I2C_I2CMasterClearStatus
                0x0000000000007388       0x20 .pio/build/cubecell_board_plus/libFrameworkArduino.a(I2C_I2C_MASTER.c.o)
                0x0000000000007388                I2C_I2CMasterClearStatus
 .text.I2C_I2CReStartGeneration
                0x00000000000073a8       0x24 .pio/build/cubecell_board_plus/libFrameworkArduino.a(I2C_I2C_MASTER.c.o)
                0x00000000000073a8                I2C_I2CReStartGeneration
 .text.I2C_I2CMasterSendRestart
                0x00000000000073cc       0x60 .pio/build/cubecell_board_plus/libFrameworkArduino.a(I2C_I2C_MASTER.c.o)
                0x00000000000073cc                I2C_I2CMasterSendRestart
 .text.PWM1_Stop
                0x000000000000742c       0x34 .pio/build/cubecell_board_plus/libFrameworkArduino.a(PWM1.c.o)
                0x000000000000742c                PWM1_Stop
 .text.PWM2_Stop
                0x0000000000007460       0x34 .pio/build/cubecell_board_plus/libFrameworkArduino.a(PWM2.c.o)
                0x0000000000007460                PWM2_Stop
 .text._ZN5Print5writeEPKhj
                0x0000000000007494       0x22 .pio/build/cubecell_board_plus/libFrameworkArduino.a(Print.cpp.o)
                0x0000000000007494                Print::write(unsigned char const*, unsigned int)
 .text._ZN5Print5writeEPKc
                0x00000000000074b6       0x1c .pio/build/cubecell_board_plus/libFrameworkArduino.a(Print.cpp.o)
                0x00000000000074b6                Print::write(char const*)
 .text._ZN5Print6printfEPKcz
                0x00000000000074d2       0x5a .pio/build/cubecell_board_plus/libFrameworkArduino.a(Print.cpp.o)
                0x00000000000074d2                Print::printf(char const*, ...)
 .text._ZN5Print5printEPKc
                0x000000000000752c        0x8 .pio/build/cubecell_board_plus/libFrameworkArduino.a(Print.cpp.o)
                0x000000000000752c                Print::print(char const*)
 .text._ZN5Print5printEc
                0x0000000000007534        0xa .pio/build/cubecell_board_plus/libFrameworkArduino.a(Print.cpp.o)
                0x0000000000007534                Print::print(char)
 *fill*         0x000000000000753e        0x2 
 .text._ZN5Print7printlnEv
                0x0000000000007540       0x10 .pio/build/cubecell_board_plus/libFrameworkArduino.a(Print.cpp.o)
                0x0000000000007540                Print::println()
 .text._ZN5Print7printlnEPKc
                0x0000000000007550       0x14 .pio/build/cubecell_board_plus/libFrameworkArduino.a(Print.cpp.o)
                0x0000000000007550                Print::println(char const*)
 .text._ZN5Print11printNumberEmh
                0x0000000000007564       0x4e .pio/build/cubecell_board_plus/libFrameworkArduino.a(Print.cpp.o)
                0x0000000000007564                Print::printNumber(unsigned long, unsigned char)
 .text._ZN5Print5printEli
                0x00000000000075b2       0x3e .pio/build/cubecell_board_plus/libFrameworkArduino.a(Print.cpp.o)
                0x00000000000075b2                Print::print(long, int)
 .text._ZN5Print10printFloatEdh
                0x00000000000075f0      0x168 .pio/build/cubecell_board_plus/libFrameworkArduino.a(Print.cpp.o)
                0x00000000000075f0                Print::printFloat(double, unsigned char)
 .text._ZN5Print5printEdi
                0x0000000000007758        0xe .pio/build/cubecell_board_plus/libFrameworkArduino.a(Print.cpp.o)
                0x0000000000007758                Print::print(double, int)
 .text._ZN6Stream9timedReadEv
                0x0000000000007766       0x2a .pio/build/cubecell_board_plus/libFrameworkArduino.a(Stream.cpp.o)
                0x0000000000007766                Stream::timedRead()
 .text._ZN6Stream9readBytesEPcj
                0x0000000000007790       0x22 .pio/build/cubecell_board_plus/libFrameworkArduino.a(Stream.cpp.o)
                0x0000000000007790                Stream::readBytes(char*, unsigned int)
 *fill*         0x00000000000077b2        0x2 
 .text._ZN6Stream10readStringEv
                0x00000000000077b4       0x28 .pio/build/cubecell_board_plus/libFrameworkArduino.a(Stream.cpp.o)
                0x00000000000077b4                Stream::readString()
 .text._ZN6StringD2Ev
                0x00000000000077dc       0x12 .pio/build/cubecell_board_plus/libFrameworkArduino.a(WString.cpp.o)
                0x00000000000077dc                String::~String()
                0x00000000000077dc                String::~String()
 .text._ZN6String10invalidateEv
                0x00000000000077ee       0x18 .pio/build/cubecell_board_plus/libFrameworkArduino.a(WString.cpp.o)
                0x00000000000077ee                String::invalidate()
 .text._ZN6String12changeBufferEj
                0x0000000000007806       0x3a .pio/build/cubecell_board_plus/libFrameworkArduino.a(WString.cpp.o)
                0x0000000000007806                String::changeBuffer(unsigned int)
 .text._ZN6String7reserveEj
                0x0000000000007840       0x2a .pio/build/cubecell_board_plus/libFrameworkArduino.a(WString.cpp.o)
                0x0000000000007840                String::reserve(unsigned int)
 .text._ZN6String4copyEPKcj
                0x000000000000786a       0x28 .pio/build/cubecell_board_plus/libFrameworkArduino.a(WString.cpp.o)
                0x000000000000786a                String::copy(char const*, unsigned int)
 .text._ZN6StringC2EPKc
                0x0000000000007892       0x26 .pio/build/cubecell_board_plus/libFrameworkArduino.a(WString.cpp.o)
                0x0000000000007892                String::String(char const*)
                0x0000000000007892                String::String(char const*)
 .text._ZN6StringaSERKS_
                0x00000000000078b8       0x20 .pio/build/cubecell_board_plus/libFrameworkArduino.a(WString.cpp.o)
                0x00000000000078b8                String::operator=(String const&)
 .text._ZN6StringC2ERKS_
                0x00000000000078d8       0x14 .pio/build/cubecell_board_plus/libFrameworkArduino.a(WString.cpp.o)
                0x00000000000078d8                String::String(String const&)
                0x00000000000078d8                String::String(String const&)
 .text._ZN6String6concatEPKcj
                0x00000000000078ec       0x32 .pio/build/cubecell_board_plus/libFrameworkArduino.a(WString.cpp.o)
                0x00000000000078ec                String::concat(char const*, unsigned int)
 .text._ZN6String6concatEc
                0x000000000000791e       0x16 .pio/build/cubecell_board_plus/libFrameworkArduino.a(WString.cpp.o)
                0x000000000000791e                String::concat(char)
 .text._ZNK6String8getBytesEPhjj
                0x0000000000007934       0x34 .pio/build/cubecell_board_plus/libFrameworkArduino.a(WString.cpp.o)
                0x0000000000007934                String::getBytes(unsigned char*, unsigned int, unsigned int) const
 .text.global_irq_SetPriority
                0x0000000000007968       0x20 .pio/build/cubecell_board_plus/libFrameworkArduino.a(irq.c.o)
                0x0000000000007968                global_irq_SetPriority
 .text.global_irq_StartEx
                0x0000000000007988       0x24 .pio/build/cubecell_board_plus/libFrameworkArduino.a(irq.c.o)
                0x0000000000007988                global_irq_StartEx
 .text.global_irq_Disable
                0x00000000000079ac        0xc .pio/build/cubecell_board_plus/libFrameworkArduino.a(irq.c.o)
                0x00000000000079ac                global_irq_Disable
 .text.RadioCheckRfFrequency
                0x00000000000079b8        0x4 .pio/build/cubecell_board_plus/libFrameworkArduino.a(radio.c.o)
                0x00000000000079b8                RadioCheckRfFrequency
 .text.RadioOnDioIrq
                0x00000000000079bc        0xc .pio/build/cubecell_board_plus/libFrameworkArduino.a(radio.c.o)
                0x00000000000079bc                RadioOnDioIrq
 .text.RadioStandby
                0x00000000000079c8        0xa .pio/build/cubecell_board_plus/libFrameworkArduino.a(radio.c.o)
                0x00000000000079c8                RadioStandby
 *fill*         0x00000000000079d2        0x2 
 .text.RadioInit
                0x00000000000079d4       0x6c .pio/build/cubecell_board_plus/libFrameworkArduino.a(radio.c.o)
                0x00000000000079d4                RadioInit
 .text.RadioGetStatus
                0x0000000000007a40       0x1a .pio/build/cubecell_board_plus/libFrameworkArduino.a(radio.c.o)
                0x0000000000007a40                RadioGetStatus
 .text.RadioSetChannel
                0x0000000000007a5a        0x8 .pio/build/cubecell_board_plus/libFrameworkArduino.a(radio.c.o)
                0x0000000000007a5a                RadioSetChannel
 .text.RadioRssi
                0x0000000000007a62        0xa .pio/build/cubecell_board_plus/libFrameworkArduino.a(radio.c.o)
                0x0000000000007a62                RadioRssi
 .text.RadioSyncWord
                0x0000000000007a6c       0x10 .pio/build/cubecell_board_plus/libFrameworkArduino.a(radio.c.o)
                0x0000000000007a6c                RadioSyncWord
 .text.RadioSend
                0x0000000000007a7c       0x58 .pio/build/cubecell_board_plus/libFrameworkArduino.a(radio.c.o)
                0x0000000000007a7c                RadioSend
 .text.RadioSleep
                0x0000000000007ad4       0x10 .pio/build/cubecell_board_plus/libFrameworkArduino.a(radio.c.o)
                0x0000000000007ad4                RadioSleep
 .text.RadioSetRxDutyCycle
                0x0000000000007ae4        0x8 .pio/build/cubecell_board_plus/libFrameworkArduino.a(radio.c.o)
                0x0000000000007ae4                RadioSetRxDutyCycle
 .text.RadioStartCad
                0x0000000000007aec       0x64 .pio/build/cubecell_board_plus/libFrameworkArduino.a(radio.c.o)
                0x0000000000007aec                RadioStartCad
 .text.RadioSetTxContinuousWave
                0x0000000000007b50       0x44 .pio/build/cubecell_board_plus/libFrameworkArduino.a(radio.c.o)
                0x0000000000007b50                RadioSetTxContinuousWave
 .text.RadioWrite
                0x0000000000007b94        0x8 .pio/build/cubecell_board_plus/libFrameworkArduino.a(radio.c.o)
                0x0000000000007b94                RadioWrite
 .text.RadioRead
                0x0000000000007b9c        0x8 .pio/build/cubecell_board_plus/libFrameworkArduino.a(radio.c.o)
                0x0000000000007b9c                RadioRead
 .text.RadioWriteBuffer
                0x0000000000007ba4        0x8 .pio/build/cubecell_board_plus/libFrameworkArduino.a(radio.c.o)
                0x0000000000007ba4                RadioWriteBuffer
 .text.RadioReadBuffer
                0x0000000000007bac        0x8 .pio/build/cubecell_board_plus/libFrameworkArduino.a(radio.c.o)
                0x0000000000007bac                RadioReadBuffer
 .text.RadioGetWakeupTime
                0x0000000000007bb4        0xa .pio/build/cubecell_board_plus/libFrameworkArduino.a(radio.c.o)
                0x0000000000007bb4                RadioGetWakeupTime
 *fill*         0x0000000000007bbe        0x2 
 .text.RadioOnTxTimeoutIrq
                0x0000000000007bc0       0x20 .pio/build/cubecell_board_plus/libFrameworkArduino.a(radio.c.o)
                0x0000000000007bc0                RadioOnTxTimeoutIrq
 .text.RadioOnRxTimeoutIrq
                0x0000000000007be0       0x20 .pio/build/cubecell_board_plus/libFrameworkArduino.a(radio.c.o)
                0x0000000000007be0                RadioOnRxTimeoutIrq
 .text.RadioOnCadTimeoutIrq
                0x0000000000007c00       0x20 .pio/build/cubecell_board_plus/libFrameworkArduino.a(radio.c.o)
                0x0000000000007c00                RadioOnCadTimeoutIrq
 .text.RadioGetFskBandwidthRegValue
                0x0000000000007c20       0x34 .pio/build/cubecell_board_plus/libFrameworkArduino.a(radio.c.o)
 .text.RadioSetMaxPayloadLength
                0x0000000000007c54       0x38 .pio/build/cubecell_board_plus/libFrameworkArduino.a(radio.c.o)
                0x0000000000007c54                RadioSetMaxPayloadLength
 .text.RadioRx  0x0000000000007c8c       0x54 .pio/build/cubecell_board_plus/libFrameworkArduino.a(radio.c.o)
                0x0000000000007c8c                RadioRx
 .text.RadioRxBoosted
                0x0000000000007ce0       0x48 .pio/build/cubecell_board_plus/libFrameworkArduino.a(radio.c.o)
                0x0000000000007ce0                RadioRxBoosted
 .text.RadioIrqProcess
                0x0000000000007d28      0x13c .pio/build/cubecell_board_plus/libFrameworkArduino.a(radio.c.o)
                0x0000000000007d28                RadioIrqProcess
 .text.RadioSetPublicNetwork
                0x0000000000007e64       0x40 .pio/build/cubecell_board_plus/libFrameworkArduino.a(radio.c.o)
                0x0000000000007e64                RadioSetPublicNetwork
 .text.RadioSetModem.part.0
                0x0000000000007ea4       0x20 .pio/build/cubecell_board_plus/libFrameworkArduino.a(radio.c.o)
 .text.RadioSetModem
                0x0000000000007ec4       0x20 .pio/build/cubecell_board_plus/libFrameworkArduino.a(radio.c.o)
                0x0000000000007ec4                RadioSetModem
 .text.RadioIsChannelFree
                0x0000000000007ee4       0x50 .pio/build/cubecell_board_plus/libFrameworkArduino.a(radio.c.o)
                0x0000000000007ee4                RadioIsChannelFree
 .text.RadioRandom
                0x0000000000007f34       0x38 .pio/build/cubecell_board_plus/libFrameworkArduino.a(radio.c.o)
                0x0000000000007f34                RadioRandom
 .text.RadioSymbTime
                0x0000000000007f6c       0x2c .pio/build/cubecell_board_plus/libFrameworkArduino.a(radio.c.o)
                0x0000000000007f6c                RadioSymbTime
 .text.RadioSetRxConfig
                0x0000000000007f98      0x21c .pio/build/cubecell_board_plus/libFrameworkArduino.a(radio.c.o)
                0x0000000000007f98                RadioSetRxConfig
 .text.RadioSetTxConfig
                0x00000000000081b4      0x1a0 .pio/build/cubecell_board_plus/libFrameworkArduino.a(radio.c.o)
                0x00000000000081b4                RadioSetTxConfig
 .text.RadioTimeOnAir
                0x0000000000008354      0x198 .pio/build/cubecell_board_plus/libFrameworkArduino.a(radio.c.o)
                0x0000000000008354                RadioTimeOnAir
 .text.SX126xGetOperatingMode
                0x00000000000084ec        0xc .pio/build/cubecell_board_plus/libFrameworkArduino.a(sx126x.c.o)
                0x00000000000084ec                SX126xGetOperatingMode
 .text.SX126xSetOperatingMode
                0x00000000000084f8        0xc .pio/build/cubecell_board_plus/libFrameworkArduino.a(sx126x.c.o)
                0x00000000000084f8                SX126xSetOperatingMode
 .text.SX126xCheckDeviceReady
                0x0000000000008504       0x24 .pio/build/cubecell_board_plus/libFrameworkArduino.a(sx126x.c.o)
                0x0000000000008504                SX126xCheckDeviceReady
 .text.SX126xSetPayload
                0x0000000000008528        0xe .pio/build/cubecell_board_plus/libFrameworkArduino.a(sx126x.c.o)
                0x0000000000008528                SX126xSetPayload
 *fill*         0x0000000000008536        0x2 
 .text.SX126xSetSyncWord
                0x0000000000008538       0x3c .pio/build/cubecell_board_plus/libFrameworkArduino.a(sx126x.c.o)
                0x0000000000008538                SX126xSetSyncWord
 .text.SX126xSetCrcSeed
                0x0000000000008574       0x24 .pio/build/cubecell_board_plus/libFrameworkArduino.a(sx126x.c.o)
                0x0000000000008574                SX126xSetCrcSeed
 .text.SX126xSetCrcPolynomial
                0x0000000000008598       0x24 .pio/build/cubecell_board_plus/libFrameworkArduino.a(sx126x.c.o)
                0x0000000000008598                SX126xSetCrcPolynomial
 .text.SX126xSetWhiteningSeed
                0x00000000000085bc       0x3c .pio/build/cubecell_board_plus/libFrameworkArduino.a(sx126x.c.o)
                0x00000000000085bc                SX126xSetWhiteningSeed
 .text.SX126xSetSleep
                0x00000000000085f8       0x20 .pio/build/cubecell_board_plus/libFrameworkArduino.a(sx126x.c.o)
                0x00000000000085f8                SX126xSetSleep
 .text.SX126xSetStandby
                0x0000000000008618       0x28 .pio/build/cubecell_board_plus/libFrameworkArduino.a(sx126x.c.o)
                0x0000000000008618                SX126xSetStandby
 .text.SX126xSetTx
                0x0000000000008640       0x24 .pio/build/cubecell_board_plus/libFrameworkArduino.a(sx126x.c.o)
                0x0000000000008640                SX126xSetTx
 .text.SX126xSendPayload
                0x0000000000008664       0x10 .pio/build/cubecell_board_plus/libFrameworkArduino.a(sx126x.c.o)
                0x0000000000008664                SX126xSendPayload
 .text.SX126xSetRx
                0x0000000000008674       0x24 .pio/build/cubecell_board_plus/libFrameworkArduino.a(sx126x.c.o)
                0x0000000000008674                SX126xSetRx
 .text.SX126xSetRxBoosted
                0x0000000000008698       0x30 .pio/build/cubecell_board_plus/libFrameworkArduino.a(sx126x.c.o)
                0x0000000000008698                SX126xSetRxBoosted
 .text.SX126xSetRxDutyCycle
                0x00000000000086c8       0x2c .pio/build/cubecell_board_plus/libFrameworkArduino.a(sx126x.c.o)
                0x00000000000086c8                SX126xSetRxDutyCycle
 .text.SX126xSetCad
                0x00000000000086f4       0x18 .pio/build/cubecell_board_plus/libFrameworkArduino.a(sx126x.c.o)
                0x00000000000086f4                SX126xSetCad
 .text.SX126xSetTxContinuousWave
                0x000000000000870c        0xe .pio/build/cubecell_board_plus/libFrameworkArduino.a(sx126x.c.o)
                0x000000000000870c                SX126xSetTxContinuousWave
 .text.SX126xSetStopRxTimerOnPreambleDetect
                0x000000000000871a       0x12 .pio/build/cubecell_board_plus/libFrameworkArduino.a(sx126x.c.o)
                0x000000000000871a                SX126xSetStopRxTimerOnPreambleDetect
 .text.SX126xSetLoRaSymbNumTimeout
                0x000000000000872c       0x12 .pio/build/cubecell_board_plus/libFrameworkArduino.a(sx126x.c.o)
                0x000000000000872c                SX126xSetLoRaSymbNumTimeout
 .text.SX126xSetRegulatorMode
                0x000000000000873e       0x12 .pio/build/cubecell_board_plus/libFrameworkArduino.a(sx126x.c.o)
                0x000000000000873e                SX126xSetRegulatorMode
 .text.SX126xCalibrate
                0x0000000000008750       0x10 .pio/build/cubecell_board_plus/libFrameworkArduino.a(sx126x.c.o)
                0x0000000000008750                SX126xCalibrate
 .text.SX126xCalibrateImage
                0x0000000000008760       0x68 .pio/build/cubecell_board_plus/libFrameworkArduino.a(sx126x.c.o)
                0x0000000000008760                SX126xCalibrateImage
 .text.SX126xSetPaConfig
                0x00000000000087c8       0x18 .pio/build/cubecell_board_plus/libFrameworkArduino.a(sx126x.c.o)
                0x00000000000087c8                SX126xSetPaConfig
 .text.SX126xSetDioIrqParams
                0x00000000000087e0       0x20 .pio/build/cubecell_board_plus/libFrameworkArduino.a(sx126x.c.o)
                0x00000000000087e0                SX126xSetDioIrqParams
 .text.SX126xGetIrqStatus
                0x0000000000008800       0x1a .pio/build/cubecell_board_plus/libFrameworkArduino.a(sx126x.c.o)
                0x0000000000008800                SX126xGetIrqStatus
 .text.SX126xSetDio2AsRfSwitchCtrl
                0x000000000000881a       0x12 .pio/build/cubecell_board_plus/libFrameworkArduino.a(sx126x.c.o)
                0x000000000000881a                SX126xSetDio2AsRfSwitchCtrl
 .text.SX126xSetDio3AsTcxoCtrl
                0x000000000000882c       0x1e .pio/build/cubecell_board_plus/libFrameworkArduino.a(sx126x.c.o)
                0x000000000000882c                SX126xSetDio3AsTcxoCtrl
 *fill*         0x000000000000884a        0x2 
 .text.SX126xInit
                0x000000000000884c       0x4c .pio/build/cubecell_board_plus/libFrameworkArduino.a(sx126x.c.o)
                0x000000000000884c                SX126xInit
 .text.SX126xSetRfFrequency
                0x0000000000008898       0x40 .pio/build/cubecell_board_plus/libFrameworkArduino.a(sx126x.c.o)
                0x0000000000008898                SX126xSetRfFrequency
 .text.SX126xSetPacketType
                0x00000000000088d8       0x1c .pio/build/cubecell_board_plus/libFrameworkArduino.a(sx126x.c.o)
                0x00000000000088d8                SX126xSetPacketType
 .text.SX126xGetPacketType
                0x00000000000088f4        0xc .pio/build/cubecell_board_plus/libFrameworkArduino.a(sx126x.c.o)
                0x00000000000088f4                SX126xGetPacketType
 .text.SX126xSetTxParams
                0x0000000000008900       0xb4 .pio/build/cubecell_board_plus/libFrameworkArduino.a(sx126x.c.o)
                0x0000000000008900                SX126xSetTxParams
 .text.SX126xSetModulationParams
                0x00000000000089b4       0xa0 .pio/build/cubecell_board_plus/libFrameworkArduino.a(sx126x.c.o)
                0x00000000000089b4                SX126xSetModulationParams
 .text.SX126xSetPacketParams
                0x0000000000008a54       0xa8 .pio/build/cubecell_board_plus/libFrameworkArduino.a(sx126x.c.o)
                0x0000000000008a54                SX126xSetPacketParams
 .text.SX126xSetCadParams
                0x0000000000008afc       0x30 .pio/build/cubecell_board_plus/libFrameworkArduino.a(sx126x.c.o)
                0x0000000000008afc                SX126xSetCadParams
 .text.SX126xSetBufferBaseAddress
                0x0000000000008b2c       0x14 .pio/build/cubecell_board_plus/libFrameworkArduino.a(sx126x.c.o)
                0x0000000000008b2c                SX126xSetBufferBaseAddress
 .text.SX126xGetRssiInst
                0x0000000000008b40       0x16 .pio/build/cubecell_board_plus/libFrameworkArduino.a(sx126x.c.o)
                0x0000000000008b40                SX126xGetRssiInst
 *fill*         0x0000000000008b56        0x2 
 .text.SX126xGetRxBufferStatus
                0x0000000000008b58       0x4c .pio/build/cubecell_board_plus/libFrameworkArduino.a(sx126x.c.o)
                0x0000000000008b58                SX126xGetRxBufferStatus
 .text.SX126xGetPayload
                0x0000000000008ba4       0x2c .pio/build/cubecell_board_plus/libFrameworkArduino.a(sx126x.c.o)
                0x0000000000008ba4                SX126xGetPayload
 .text.SX126xGetPacketStatus
                0x0000000000008bd0       0x78 .pio/build/cubecell_board_plus/libFrameworkArduino.a(sx126x.c.o)
                0x0000000000008bd0                SX126xGetPacketStatus
 .text.SX126xClearIrqStatus
                0x0000000000008c48       0x12 .pio/build/cubecell_board_plus/libFrameworkArduino.a(sx126x.c.o)
                0x0000000000008c48                SX126xClearIrqStatus
 *fill*         0x0000000000008c5a        0x2 
 .text.SetMlmeScheduleUplinkIndication
                0x0000000000008c5c       0x14 .pio/build/cubecell_board_plus/libFrameworkArduino.a(LoRaMac.c.o)
 .text.AddMacCommand
                0x0000000000008c70      0x188 .pio/build/cubecell_board_plus/libFrameworkArduino.a(LoRaMac.c.o)
 .text.ResetMacParameters
                0x0000000000008df8       0x9c .pio/build/cubecell_board_plus/libFrameworkArduino.a(LoRaMac.c.o)
 .text.OnAckTimeoutTimerEvent
                0x0000000000008e94       0x44 .pio/build/cubecell_board_plus/libFrameworkArduino.a(LoRaMac.c.o)
 .text.ValidatePayloadLength
                0x0000000000008ed8       0x60 .pio/build/cubecell_board_plus/libFrameworkArduino.a(LoRaMac.c.o)
 .text.PrepareRxDoneAbort
                0x0000000000008f38       0x40 .pio/build/cubecell_board_plus/libFrameworkArduino.a(LoRaMac.c.o)
 .text.ProcessMacCommands
                0x0000000000008f78      0x428 .pio/build/cubecell_board_plus/libFrameworkArduino.a(LoRaMac.c.o)
 .text.OnRadioRxDone
                0x00000000000093a0      0x5e0 .pio/build/cubecell_board_plus/libFrameworkArduino.a(LoRaMac.c.o)
                0x00000000000093a0                OnRadioRxDone
 .text.RxWindowSetup
                0x0000000000009980       0x18 .pio/build/cubecell_board_plus/libFrameworkArduino.a(LoRaMac.c.o)
 .text.OnRxWindow2TimerEvent
                0x0000000000009998       0x8c .pio/build/cubecell_board_plus/libFrameworkArduino.a(LoRaMac.c.o)
 .text.OpenContinuousRx2Window
                0x0000000000009a24       0x14 .pio/build/cubecell_board_plus/libFrameworkArduino.a(LoRaMac.c.o)
 .text.OnRadioRxTimeout
                0x0000000000009a38       0xfc .pio/build/cubecell_board_plus/libFrameworkArduino.a(LoRaMac.c.o)
 .text.OnRadioTxTimeout
                0x0000000000009b34       0x48 .pio/build/cubecell_board_plus/libFrameworkArduino.a(LoRaMac.c.o)
 .text.OnRadioRxError
                0x0000000000009b7c       0xf8 .pio/build/cubecell_board_plus/libFrameworkArduino.a(LoRaMac.c.o)
 .text.OnRadioTxDone
                0x0000000000009c74      0x150 .pio/build/cubecell_board_plus/libFrameworkArduino.a(LoRaMac.c.o)
 .text.OnRxWindow1TimerEvent
                0x0000000000009dc4       0x88 .pio/build/cubecell_board_plus/libFrameworkArduino.a(LoRaMac.c.o)
 .text.PrepareFrame
                0x0000000000009e4c      0x344 .pio/build/cubecell_board_plus/libFrameworkArduino.a(LoRaMac.c.o)
                0x0000000000009e4c                PrepareFrame
 .text.SendFrameOnChannel
                0x000000000000a190      0x124 .pio/build/cubecell_board_plus/libFrameworkArduino.a(LoRaMac.c.o)
                0x000000000000a190                SendFrameOnChannel
 .text.ScheduleTx
                0x000000000000a2b4      0x1c4 .pio/build/cubecell_board_plus/libFrameworkArduino.a(LoRaMac.c.o)
 .text.Send     0x000000000000a478       0x4c .pio/build/cubecell_board_plus/libFrameworkArduino.a(LoRaMac.c.o)
                0x000000000000a478                Send
 .text.OnTxDelayedTimerEvent
                0x000000000000a4c4       0x74 .pio/build/cubecell_board_plus/libFrameworkArduino.a(LoRaMac.c.o)
 .text.OnMacStateCheckTimerEvent
                0x000000000000a538      0x324 .pio/build/cubecell_board_plus/libFrameworkArduino.a(LoRaMac.c.o)
 .text.SetTxContinuousWave
                0x000000000000a85c       0x64 .pio/build/cubecell_board_plus/libFrameworkArduino.a(LoRaMac.c.o)
                0x000000000000a85c                SetTxContinuousWave
 .text.SetTxContinuousWave1
                0x000000000000a8c0       0x3c .pio/build/cubecell_board_plus/libFrameworkArduino.a(LoRaMac.c.o)
                0x000000000000a8c0                SetTxContinuousWave1
 .text.LoRaMacInitialization
                0x000000000000a8fc      0x2f0 .pio/build/cubecell_board_plus/libFrameworkArduino.a(LoRaMac.c.o)
                0x000000000000a8fc                LoRaMacInitialization
 .text.LoRaMacQueryTxPossible
                0x000000000000abec      0x164 .pio/build/cubecell_board_plus/libFrameworkArduino.a(LoRaMac.c.o)
                0x000000000000abec                LoRaMacQueryTxPossible
 .text.LoRaMacMibGetRequestConfirm
                0x000000000000ad50      0x13c .pio/build/cubecell_board_plus/libFrameworkArduino.a(LoRaMac.c.o)
                0x000000000000ad50                LoRaMacMibGetRequestConfirm
 .text.LoRaMacMulticastChannelLink
                0x000000000000ae8c       0x3c .pio/build/cubecell_board_plus/libFrameworkArduino.a(LoRaMac.c.o)
                0x000000000000ae8c                LoRaMacMulticastChannelLink
 .text.LoRaMacMulticastChannelUnlink
                0x000000000000aec8       0x40 .pio/build/cubecell_board_plus/libFrameworkArduino.a(LoRaMac.c.o)
                0x000000000000aec8                LoRaMacMulticastChannelUnlink
 .text.LoRaMacMibSetRequestConfirm
                0x000000000000af08      0x378 .pio/build/cubecell_board_plus/libFrameworkArduino.a(LoRaMac.c.o)
                0x000000000000af08                LoRaMacMibSetRequestConfirm
 .text.LoRaMacMlmeRequest
                0x000000000000b280      0x228 .pio/build/cubecell_board_plus/libFrameworkArduino.a(LoRaMac.c.o)
                0x000000000000b280                LoRaMacMlmeRequest
 .text.LoRaMacMcpsRequest
                0x000000000000b4a8      0x170 .pio/build/cubecell_board_plus/libFrameworkArduino.a(LoRaMac.c.o)
                0x000000000000b4a8                LoRaMacMcpsRequest
 .text.LoRaMacClassBInit
                0x000000000000b618        0x2 .pio/build/cubecell_board_plus/libFrameworkArduino.a(LoRaMacClassB.c.o)
                0x000000000000b618                LoRaMacClassBInit
 .text.LoRaMacClassBSetBeaconState
                0x000000000000b61a        0x2 .pio/build/cubecell_board_plus/libFrameworkArduino.a(LoRaMacClassB.c.o)
                0x000000000000b61a                LoRaMacClassBSetBeaconState
 .text.LoRaMacClassBSetPingSlotState
                0x000000000000b61c        0x2 .pio/build/cubecell_board_plus/libFrameworkArduino.a(LoRaMacClassB.c.o)
                0x000000000000b61c                LoRaMacClassBSetPingSlotState
 .text.LoRaMacClassBSetMulticastSlotState
                0x000000000000b61e        0x2 .pio/build/cubecell_board_plus/libFrameworkArduino.a(LoRaMacClassB.c.o)
                0x000000000000b61e                LoRaMacClassBSetMulticastSlotState
 .text.LoRaMacClassBIsAcquisitionInProgress
                0x000000000000b620        0x4 .pio/build/cubecell_board_plus/libFrameworkArduino.a(LoRaMacClassB.c.o)
                0x000000000000b620                LoRaMacClassBIsAcquisitionInProgress
 .text.LoRaMacClassBBeaconTimerEvent
                0x000000000000b624        0x2 .pio/build/cubecell_board_plus/libFrameworkArduino.a(LoRaMacClassB.c.o)
                0x000000000000b624                LoRaMacClassBBeaconTimerEvent
 .text.LoRaMacClassBPingSlotTimerEvent
                0x000000000000b626        0x2 .pio/build/cubecell_board_plus/libFrameworkArduino.a(LoRaMacClassB.c.o)
                0x000000000000b626                LoRaMacClassBPingSlotTimerEvent
 .text.LoRaMacClassBMulticastSlotTimerEvent
                0x000000000000b628        0x2 .pio/build/cubecell_board_plus/libFrameworkArduino.a(LoRaMacClassB.c.o)
                0x000000000000b628                LoRaMacClassBMulticastSlotTimerEvent
 .text.LoRaMacClassBRxBeacon
                0x000000000000b62a        0x4 .pio/build/cubecell_board_plus/libFrameworkArduino.a(LoRaMacClassB.c.o)
                0x000000000000b62a                LoRaMacClassBRxBeacon
 .text.LoRaMacClassBIsBeaconExpected
                0x000000000000b62e        0x4 .pio/build/cubecell_board_plus/libFrameworkArduino.a(LoRaMacClassB.c.o)
                0x000000000000b62e                LoRaMacClassBIsBeaconExpected
 .text.LoRaMacClassBIsPingExpected
                0x000000000000b632        0x4 .pio/build/cubecell_board_plus/libFrameworkArduino.a(LoRaMacClassB.c.o)
                0x000000000000b632                LoRaMacClassBIsPingExpected
 .text.LoRaMacClassBIsMulticastExpected
                0x000000000000b636        0x4 .pio/build/cubecell_board_plus/libFrameworkArduino.a(LoRaMacClassB.c.o)
                0x000000000000b636                LoRaMacClassBIsMulticastExpected
 .text.LoRaMacClassBIsBeaconModeActive
                0x000000000000b63a        0x4 .pio/build/cubecell_board_plus/libFrameworkArduino.a(LoRaMacClassB.c.o)
                0x000000000000b63a                LoRaMacClassBIsBeaconModeActive
 .text.LoRaMacClassBSetPingSlotInfo
                0x000000000000b63e        0x2 .pio/build/cubecell_board_plus/libFrameworkArduino.a(LoRaMacClassB.c.o)
                0x000000000000b63e                LoRaMacClassBSetPingSlotInfo
 .text.LoRaMacClassBHaltBeaconing
                0x000000000000b640        0x2 .pio/build/cubecell_board_plus/libFrameworkArduino.a(LoRaMacClassB.c.o)
                0x000000000000b640                LoRaMacClassBHaltBeaconing
 .text.LoRaMacClassBResumeBeaconing
                0x000000000000b642        0x2 .pio/build/cubecell_board_plus/libFrameworkArduino.a(LoRaMacClassB.c.o)
                0x000000000000b642                LoRaMacClassBResumeBeaconing
 .text.LoRaMacClassBSwitchClass
                0x000000000000b644        0x4 .pio/build/cubecell_board_plus/libFrameworkArduino.a(LoRaMacClassB.c.o)
                0x000000000000b644                LoRaMacClassBSwitchClass
 .text.LoRaMacClassBMibGetRequestConfirm
                0x000000000000b648        0x4 .pio/build/cubecell_board_plus/libFrameworkArduino.a(LoRaMacClassB.c.o)
                0x000000000000b648                LoRaMacClassBMibGetRequestConfirm
 .text.LoRaMacMibClassBSetRequestConfirm
                0x000000000000b64c        0x4 .pio/build/cubecell_board_plus/libFrameworkArduino.a(LoRaMacClassB.c.o)
                0x000000000000b64c                LoRaMacMibClassBSetRequestConfirm
 .text.LoRaMacClassBPingSlotInfoAns
                0x000000000000b650        0x2 .pio/build/cubecell_board_plus/libFrameworkArduino.a(LoRaMacClassB.c.o)
                0x000000000000b650                LoRaMacClassBPingSlotInfoAns
 .text.LoRaMacClassBPingSlotChannelReq
                0x000000000000b652        0x4 .pio/build/cubecell_board_plus/libFrameworkArduino.a(LoRaMacClassB.c.o)
                0x000000000000b652                LoRaMacClassBPingSlotChannelReq
 .text.LoRaMacClassBBeaconTimingAns
                0x000000000000b656        0x2 .pio/build/cubecell_board_plus/libFrameworkArduino.a(LoRaMacClassB.c.o)
                0x000000000000b656                LoRaMacClassBBeaconTimingAns
 .text.LoRaMacClassBDeviceTimeAns
                0x000000000000b658        0x2 .pio/build/cubecell_board_plus/libFrameworkArduino.a(LoRaMacClassB.c.o)
                0x000000000000b658                LoRaMacClassBDeviceTimeAns
 .text.LoRaMacClassBBeaconFreqReq
                0x000000000000b65a        0x4 .pio/build/cubecell_board_plus/libFrameworkArduino.a(LoRaMacClassB.c.o)
                0x000000000000b65a                LoRaMacClassBBeaconFreqReq
 .text.LoRaMacClassBIsUplinkCollision
                0x000000000000b65e        0x6 .pio/build/cubecell_board_plus/libFrameworkArduino.a(LoRaMacClassB.c.o)
                0x000000000000b65e                LoRaMacClassBIsUplinkCollision
 .text.LoRaMacClassBStopRxSlots
                0x000000000000b664        0x2 .pio/build/cubecell_board_plus/libFrameworkArduino.a(LoRaMacClassB.c.o)
                0x000000000000b664                LoRaMacClassBStopRxSlots
 .text.LoRaMacClassBSetMulticastPeriodicity
                0x000000000000b666        0x2 .pio/build/cubecell_board_plus/libFrameworkArduino.a(LoRaMacClassB.c.o)
                0x000000000000b666                LoRaMacClassBSetMulticastPeriodicity
 .text.LoRaMacConfirmQueueInit
                0x000000000000b668       0x28 .pio/build/cubecell_board_plus/libFrameworkArduino.a(LoRaMacConfirmQueue.c.o)
                0x000000000000b668                LoRaMacConfirmQueueInit
 .text.LoRaMacConfirmQueueAdd
                0x000000000000b690       0x3c .pio/build/cubecell_board_plus/libFrameworkArduino.a(LoRaMacConfirmQueue.c.o)
                0x000000000000b690                LoRaMacConfirmQueueAdd
 .text.LoRaMacConfirmQueueRemoveLast
                0x000000000000b6cc       0x28 .pio/build/cubecell_board_plus/libFrameworkArduino.a(LoRaMacConfirmQueue.c.o)
                0x000000000000b6cc                LoRaMacConfirmQueueRemoveLast
 .text.LoRaMacConfirmQueueRemoveFirst
                0x000000000000b6f4       0x28 .pio/build/cubecell_board_plus/libFrameworkArduino.a(LoRaMacConfirmQueue.c.o)
                0x000000000000b6f4                LoRaMacConfirmQueueRemoveFirst
 .text.LoRaMacConfirmQueueSetStatus
                0x000000000000b71c       0x38 .pio/build/cubecell_board_plus/libFrameworkArduino.a(LoRaMacConfirmQueue.c.o)
                0x000000000000b71c                LoRaMacConfirmQueueSetStatus
 .text.LoRaMacConfirmQueueGetStatus
                0x000000000000b754       0x38 .pio/build/cubecell_board_plus/libFrameworkArduino.a(LoRaMacConfirmQueue.c.o)
                0x000000000000b754                LoRaMacConfirmQueueGetStatus
 .text.LoRaMacConfirmQueueSetStatusCmn
                0x000000000000b78c       0x38 .pio/build/cubecell_board_plus/libFrameworkArduino.a(LoRaMacConfirmQueue.c.o)
                0x000000000000b78c                LoRaMacConfirmQueueSetStatusCmn
 .text.LoRaMacConfirmQueueGetStatusCmn
                0x000000000000b7c4        0xc .pio/build/cubecell_board_plus/libFrameworkArduino.a(LoRaMacConfirmQueue.c.o)
                0x000000000000b7c4                LoRaMacConfirmQueueGetStatusCmn
 .text.LoRaMacConfirmQueueIsCmdActive
                0x000000000000b7d0       0x30 .pio/build/cubecell_board_plus/libFrameworkArduino.a(LoRaMacConfirmQueue.c.o)
                0x000000000000b7d0                LoRaMacConfirmQueueIsCmdActive
 .text.LoRaMacConfirmQueueHandleCb
                0x000000000000b800       0x54 .pio/build/cubecell_board_plus/libFrameworkArduino.a(LoRaMacConfirmQueue.c.o)
                0x000000000000b800                LoRaMacConfirmQueueHandleCb
 .text.LoRaMacConfirmQueueGetCnt
                0x000000000000b854        0xc .pio/build/cubecell_board_plus/libFrameworkArduino.a(LoRaMacConfirmQueue.c.o)
                0x000000000000b854                LoRaMacConfirmQueueGetCnt
 .text.LoRaMacConfirmQueueIsFull
                0x000000000000b860       0x14 .pio/build/cubecell_board_plus/libFrameworkArduino.a(LoRaMacConfirmQueue.c.o)
                0x000000000000b860                LoRaMacConfirmQueueIsFull
 .text.LoRaMacComputeMic
                0x000000000000b874       0x84 .pio/build/cubecell_board_plus/libFrameworkArduino.a(LoRaMacCrypto.c.o)
                0x000000000000b874                LoRaMacComputeMic
 .text.LoRaMacPayloadEncrypt